C:\Repos\Unity\Silver Screen\ArtSource\Characters\Canonical\build_authored_candidate.py:45: DeprecationWarning: 'Material.use_nodes' is expected to be removed in Blender 6.0
  material=bpy.data.materials.new('SS_Canonical_Authored');material.use_nodes=True
FBX version: 7300
WARNING: User property type 'Short' is not supported
WARNING: User property type 'Short' is not supported
WARNING: User property type 'Short' is not supported
WARNING: User property type 'Short' is not supported
WARNING: User property type 'Short' is not supported
WARNING: User property type 'Short' is not supported
WARNING: User property type 'Short' is not supported
WARNING: User property type 'Short' is not supported
WARNING: User property type 'Short' is not supported
WARNING: User property type 'Short' is not supported
WARNING: User property type 'Short' is not supported
WARNING: User property type 'Short' is not supported
WARNING: User property type 'Short' is not supported
WARNING: User property type 'Short' is not supported
WARNING: User property type 'Short' is not supported
WARNING: User property type 'Short' is not supported
WARNING: User property type 'Short' is not supported
WARNING: User property type 'Short' is not supported
WARNING: User property type 'Short' is not supported
WARNING: User property type 'Short' is not supported
WARNING: User property type 'Short' is not supported
WARNING: User property type 'Short' is not supported
WARNING: User property type 'Short' is not supported
WARNING: User property type 'Short' is not supported
WARNING: User property type 'Short' is not supported
WARNING: User property type 'Short' is not supported
WARNING: User property type 'Short' is not supported
WARNING: User property type 'Short' is not supported
WARNING: User property type 'Short' is not supported
WARNING: User property type 'Short' is not supported
WARNING: User property type 'Short' is not supported
WARNING: User property type 'Short' is not supported
WARNING: User property type 'Short' is not supported
WARNING: User property type 'Short' is not supported
WARNING: User property type 'Short' is not supported
WARNING: User property type 'Short' is not supported
WARNING: User property type 'Short' is not supported
WARNING: User property type 'Short' is not supported
WARNING: User property type 'Short' is not supported
WARNING: User property type 'Short' is not supported
WARNING: User property type 'Short' is not supported
WARNING: User property type 'Short' is not supported
WARNING: User property type 'Short' is not supported
WARNING: User property type 'Short' is not supported
WARNING: User property type 'Short' is not supported
WARNING: User property type 'Short' is not supported
WARNING: User property type 'Short' is not supported
WARNING: User property type 'Short' is not supported
WARNING: User property type 'Short' is not supported
WARNING: User property type 'Short' is not supported
WARNING: User property type 'Short' is not supported
WARNING: User property type 'Short' is not supported
WARNING: User property type 'Short' is not supported
WARNING: User property type 'Short' is not supported
WARNING: User property type 'Short' is not supported
WARNING: User property type 'Short' is not supported
WARNING: User property type 'Short' is not supported
WARNING: User property type 'Short' is not supported
WARNING: User property type 'Short' is not supported
WARNING: User property type 'Short' is not supported
WARNING: User property type 'Short' is not supported
WARNING: User property type 'Short' is not supported
WARNING: User property type 'Short' is not supported
WARNING: User property type 'Short' is not supported
WARNING: User property type 'Short' is not supported
WARNING: User property type 'Short' is not supported
WARNING: User property type 'Short' is not supported
WARNING: User property type 'Short' is not supported
WARNING: User property type 'Short' is not supported
WARNING: User property type 'Short' is not supported
WARNING: User property type 'Short' is not supported
WARNING: User property type 'Short' is not supported
WARNING: User property type 'Short' is not supported
WARNING: User property type 'Short' is not supported
WARNING: User property type 'Short' is not supported
WARNING: User property type 'Short' is not supported
WARNING: User property type 'Short' is not supported
WARNING: User property type 'Short' is not supported
WARNING: User property type 'Short' is not supported
WARNING: User property type 'Short' is not supported
WARNING: User property type 'Short' is not supported
WARNING: User property type 'Short' is not supported
WARNING: User property type 'Short' is not supported
WARNING: User property type 'Short' is not supported
WARNING: User property type 'Short' is not supported
WARNING: User property type 'Short' is not supported
WARNING: User property type 'Short' is not supported
WARNING: User property type 'Short' is not supported

FBX export starting... 'C:\\Repos\\Unity\\Silver Screen\\Assets\\SilverScreen\\Art\\Characters\\Canonical\\Models\\CanonicalAdult.fbx'
(bpy.data.armatures['rp_eric_rigged_001'], 'POSE')
export finished in 0.2321 sec.
Info: Saved as "Canonical_AuthoredCandidate.blend"
Blender 5.0.1 (hash a3db93c5b259 built 2025-12-16 01:32:30)

Blender quit
