00:01.172  blend            | Read blend: "C:\Repos\Unity\Silver Screen\ArtSource\Characters\Canonical\Canonical_AuthoredCandidate.blend"
[
  {
    "count": 5780,
    "min": [
      -0.05261637270450592,
      0.014771985821425915,
      1.5127193927764893
    ],
    "max": [
      0.08382119983434677,
      0.1356453001499176,
      1.6870936155319214
    ],
    "uvmin": [
      0.5871999859809875,
      0.015399999916553497
    ],
    "uvmax": [
      0.982200026512146,
      0.3594000041484833
    ]
  },
  {
    "count": 4538,
    "min": [
      -0.0688268318772316,
      -0.0785244032740593,
      1.490818738937378
    ],
    "max": [
      0.09305574744939804,
      0.1088634729385376,
      1.7500001192092896
    ],
    "uvmin": [
      0.020600000396370888,
      0.3174000084400177
    ],
    "uvmax": [
      0.24380002915859222,
      0.5027999877929688
    ]
  },
  {
    "count": 2575,
    "min": [
      -0.16365045309066772,
      -0.08645064383745193,
      0.06302353739738464
    ],
    "max": [
      -0.008034051395952702,
      0.07872284203767776,
      0.5324159264564514
    ],
    "uvmin": [
      0.14990001916885376,
      0.7537000179290771
    ],
    "uvmax": [
      0.43080005049705505,
      0.9706001281738281
    ]
  },
  {
    "count": 2543,
    "min": [
      -0.2902391850948334,
      0.0626484602689743,
      0.7686991095542908
    ],
    "max": [
      -0.23422320187091827,
      0.19326052069664001,
      0.9369153380393982
    ],
    "uvmin": [
      0.5009000301361084,
      0.49959999322891235
    ],
    "uvmax": [
      0.6608999967575073,
      0.609700083732605
    ]
  },
  {
    "count": 2521,
    "min": [
      0.23683781921863556,
      0.08027356117963791,
      0.7529494762420654
    ],
    "max": [
      0.2962370216846466,
      0.19935032725334167,
      0.9123266339302063
    ],
    "uvmin": [
      0.48500001430511475,
      0.1687999963760376
    ],
    "uvmax": [
      0.5842000246047974,
      0.3443000316619873
    ]
  },
  {
    "count": 2362,
    "min": [
      0.007554963231086731,
      -0.08838926255702972,
      0.06816563755273819
    ],
    "max": [
      0.16815528273582458,
      0.06914414465427399,
      0.5232139825820923
    ],
    "uvmin": [
      0.15279999375343323,
      0.07770000398159027
    ],
    "uvmax": [
      0.4069000482559204,
      0.3028000295162201
    ]
  },
  {
    "count": 1984,
    "min": [
      -0.17091253399848938,
      -0.12406110018491745,
      0.5244549512863159
    ],
    "max": [
      0.02126104198396206,
      0.1413031965494156,
      1.0342705249786377
    ],
    "uvmin": [
      0.4221000671386719,
      0.6770000457763672
    ],
    "uvmax": [
      0.6897000670433044,
      0.9714001417160034
    ]
  },
  {
    "count": 1804,
    "min": [
      -0.01065809465944767,
      -0.12720906734466553,
      0.5174151062965393
    ],
    "max": [
      0.17394191026687622,
      0.1413031965494156,
      1.032626748085022
    ],
    "uvmin": [
      0.6378000378608704,
      0.3702000379562378
    ],
    "uvmax": [
      0.9342001080513,
      0.6363000869750977
    ]
  },
  {
    "count": 1228,
    "min": [
      -0.14814245700836182,
      -0.12685371935367584,
      1.0115596055984497
    ],
    "max": [
      0.15041483938694,
      0.03495701402425766,
      1.504274845123291
    ],
    "uvmin": [
      0.6819000840187073,
      0.6482000350952148
    ],
    "uvmax": [
      0.9246001243591309,
      0.9736000895500183
    ]
  },
  {
    "count": 1160,
    "min": [
      -0.010604270733892918,
      0.06698693335056305,
      1.542995572090149
    ],
    "max": [
      0.03778141736984253,
      0.10871286690235138,
      1.5603502988815308
    ],
    "uvmin": [
      0.47373971343040466,
      0.6551656126976013
    ],
    "uvmax": [
      0.5401332974433899,
      0.6858060956001282
    ]
  },
  {
    "count": 1150,
    "min": [
      0.14995530247688293,
      -0.038135312497615814,
      0.917580246925354
    ],
    "max": [
      0.2903635501861572,
      0.12149570882320404,
      1.16116201877594
    ],
    "uvmin": [
      0.49090006947517395,
      0.35580000281333923
    ],
    "uvmax": [
      0.6562000513076782,
      0.49140000343322754
    ]
  },
  {
    "count": 1090,
    "min": [
      -0.010240605100989342,
      0.06734460592269897,
      1.5598218441009521
    ],
    "max": [
      0.03812594339251518,
      0.10975469648838043,
      1.583187222480774
    ],
    "uvmin": [
      0.4602559804916382,
      0.6061081886291504
    ],
    "uvmax": [
      0.5248503088951111,
      0.6349398493766785
    ]
  },
  {
    "count": 1031,
    "min": [
      -0.25854355096817017,
      -0.06680680066347122,
      1.1285009384155273
    ],
    "max": [
      -0.1369001567363739,
      0.08499319106340408,
      1.436432957649231
    ],
    "uvmin": [
      0.17919999361038208,
      0.48040005564689636
    ],
    "uvmax": [
      0.34929999709129333,
      0.671000063419342
    ]
  },
  {
    "count": 1012,
    "min": [
      0.04842360317707062,
      -0.07076050341129303,
      0.00029387371614575386
    ],
    "max": [
      0.13438677787780762,
      0.19502100348472595,
      0.1010172888636589
    ],
    "uvmin": [
      0.36400002241134644,
      0.45649999380111694
    ],
    "uvmax": [
      0.48840001225471497,
      0.6154000163078308
    ]
  },
  {
    "count": 992,
    "min": [
      0.12158609926700592,
      -0.07110735774040222,
      1.131007432937622
    ],
    "max": [
      0.2597757577896118,
      0.07480372488498688,
      1.4271537065505981
    ],
    "uvmin": [
      0.2030000239610672,
      0.3125999867916107
    ],
    "uvmax": [
      0.4021000564098358,
      0.4708999991416931
    ]
  },
  {
    "count": 992,
    "min": [
      0.02724698930978775,
      0.07963022589683533,
      1.6084076166152954
    ],
    "max": [
      0.059154849499464035,
      0.09841212630271912,
      1.6405165195465088
    ],
    "uvmin": [
      0.2434999942779541,
      0.6690000295639038
    ],
    "uvmax": [
      0.3395000100135803,
      0.7651000022888184
    ]
  },
  {
    "count": 992,
    "min": [
      0.027048366144299507,
      0.066059909760952,
      1.6084076166152954
    ],
    "max": [
      0.0589563362300396,
      0.08484189957380295,
      1.6405165195465088
    ],
    "uvmin": [
      0.42800000309944153,
      0.3416000008583069
    ],
    "uvmax": [
      0.46900004148483276,
      0.3824999928474426
    ]
  },
  {
    "count": 992,
    "min": [
      -0.027809012681245804,
      0.08420558273792267,
      1.6091315746307373
    ],
    "max": [
      0.004248844925314188,
      0.10212035477161407,
      1.6412144899368286
    ],
    "uvmin": [
      0.34220001101493835,
      0.6258000135421753
    ],
    "uvmax": [
      0.43860000371932983,
      0.7211999893188477
    ]
  },
  {
    "count": 992,
    "min": [
      -0.027876297011971474,
      0.06976435333490372,
      1.6091169118881226
    ],
    "max": [
      0.0041815657168626785,
      0.08767899125814438,
      1.6411995887756348
    ],
    "uvmin": [
      0.4327000081539154,
      0.28929999470710754
    ],
    "uvmax": [
      0.47350001335144043,
      0.33059999346733093
    ]
  },
  {
    "count": 909,
    "min": [
      -0.2910923659801483,
      -0.03526736795902252,
      0.9291802048683167
    ],
    "max": [
      -0.15874646604061127,
      0.11289333552122116,
      1.1382451057434082
    ],
    "uvmin": [
      0.022299999371170998,
      0.8017001152038574
    ],
    "uvmax": [
      0.14800000190734863,
      0.971700131893158
    ]
  },
  {
    "count": 904,
    "min": [
      -0.011991867795586586,
      0.06722648441791534,
      1.5427148342132568
    ],
    "max": [
      0.03916573524475098,
      0.10879620909690857,
      1.560132384300232
    ],
    "uvmin": [
      0.46797534823417664,
      0.6406527757644653
    ],
    "uvmax": [
      0.5307499766349792,
      0.6661460995674133
    ]
  },
  {
    "count": 633,
    "min": [
      -0.14947369694709778,
      -0.003082964103668928,
      1.0081462860107422
    ],
    "max": [
      0.03575293719768524,
      0.16366079449653625,
      1.4766560792922974
    ],
    "uvmin": [
      0.2900000214576721,
      0.015399999916553497
    ],
    "uvmax": [
      0.5938000082969666,
      0.15839999914169312
    ]
  },
  {
    "count": 632,
    "min": [
      -0.007177742663770914,
      -0.042252346873283386,
      0.9958900213241577
    ],
    "max": [
      0.1593601405620575,
      0.1469617784023285,
      1.4833569526672363
    ],
    "uvmin": [
      0.02120000123977661,
      0.015400001779198647
    ],
    "uvmax": [
      0.1623000204563141,
      0.31780001521110535
    ]
  },
  {
    "count": 619,
    "min": [
      -0.1324181705713272,
      -0.0698305144906044,
      0.003113528247922659
    ],
    "max": [
      -0.0483606792986393,
      0.20069994032382965,
      0.09271600842475891
    ],
    "uvmin": [
      0.021800000220537186,
      0.5092000365257263
    ],
    "uvmax": [
      0.13359999656677246,
      0.7273000478744507
    ]
  },
  {
    "count": 610,
    "min": [
      -0.01173455361276865,
      0.06776585429906845,
      1.5604819059371948
    ],
    "max": [
      0.04035459831357002,
      0.11111628264188766,
      1.5837076902389526
    ],
    "uvmin": [
      0.4636450409889221,
      0.6205328106880188
    ],
    "uvmax": [
      0.5327971577644348,
      0.6488699316978455
    ]
  },
  {
    "count": 463,
    "min": [
      0.1125299409031868,
      -0.11452721804380417,
      1.2019574642181396
    ],
    "max": [
      0.17733481526374817,
      0.08854500949382782,
      1.4681891202926636
    ],
    "uvmin": [
      0.9058001041412354,
      0.6387000679969788
    ],
    "uvmax": [
      0.977400004863739,
      0.9739001393318176
    ]
  },
  {
    "count": 392,
    "min": [
      -0.12760888040065765,
      -0.06626354902982712,
      2.3283064365386963e-10
    ],
    "max": [
      -0.05369599908590317,
      0.19079206883907318,
      0.015060384757816792
    ],
    "uvmin": [
      0.6068999767303467,
      0.6147000193595886
    ],
    "uvmax": [
      0.7376999855041504,
      0.6773999929428101
    ]
  },
  {
    "count": 301,
    "min": [
      -0.06210256740450859,
      -0.05674295872449875,
      1.4346615076065063
    ],
    "max": [
      0.07074049860239029,
      0.08156594634056091,
      1.5401113033294678
    ],
    "uvmin": [
      0.10819999873638153,
      0.5044000744819641
    ],
    "uvmax": [
      0.17190001904964447,
      0.7125999927520752
    ]
  },
  {
    "count": 234,
    "min": [
      -0.17386960983276367,
      -0.09451229125261307,
      1.2236405611038208
    ],
    "max": [
      -0.1083114817738533,
      0.11090268194675446,
      1.467810034751892
    ],
    "uvmin": [
      0.9206001162528992,
      0.3125999867916107
    ],
    "uvmax": [
      0.982200026512146,
      0.632900059223175
    ]
  },
  {
    "count": 135,
    "min": [
      0.22886228561401367,
      0.04998628422617912,
      0.8708722591400146
    ],
    "max": [
      0.2903635501861572,
      0.1460968554019928,
      0.9548202157020569
    ],
    "uvmin": [
      0.8867000937461853,
      0.6482000350952148
    ],
    "uvmax": [
      0.9246001243591309,
      0.7695001363754272
    ]
  },
  {
    "count": 88,
    "min": [
      -0.2905370891094208,
      0.058453794568777084,
      0.9069243669509888
    ],
    "max": [
      -0.2268068492412567,
      0.12643834948539734,
      0.9623781442642212
    ],
    "uvmin": [
      0.013399999588727951,
      0.1688000112771988
    ],
    "uvmax": [
      0.042500000447034836,
      0.281000018119812
    ]
  }
]
Blender 5.0.1 (hash a3db93c5b259 built 2025-12-16 01:32:30)

Blender quit
