00:02.000  blend            | Read blend: "C:\Repos\Unity\Silver Screen\ArtSource\Characters\Canonical\TailoredSource_Inspection.blend"
[
  {
    "vertices": 8442,
    "min": [
      -0.6615363955497742,
      -0.21532796323299408,
      -0.004873400554060936
    ],
    "max": [
      0.6478923559188843,
      0.1372927576303482,
      1.858648657798767
    ],
    "groups": [
      [
        "head",
        2221.4020431966055
      ],
      [
        "lowerleg_l",
        417.64072285359725
      ],
      [
        "lowerleg_r",
        359.68854812788777
      ],
      [
        "hip",
        329.64662382914685
      ]
    ],
    "sample": 0
  },
  {
    "vertices": 482,
    "min": [
      -0.06316254287958145,
      -0.10480829328298569,
      1.7071326971054077
    ],
    "max": [
      -0.028563853353261948,
      -0.07020251452922821,
      1.7417407035827637
    ],
    "groups": [
      [
        "eye_r",
        482.0
      ]
    ],
    "sample": 8442
  },
  {
    "vertices": 482,
    "min": [
      -0.004669760353863239,
      -0.10869459807872772,
      1.7079031467437744
    ],
    "max": [
      0.02981114573776722,
      -0.07420358806848526,
      1.7424668073654175
    ],
    "groups": [
      [
        "eye_l",
        482.0
      ]
    ],
    "sample": 8924
  },
  {
    "vertices": 427,
    "min": [
      -0.04311322420835495,
      -0.11878303438425064,
      1.6552459001541138
    ],
    "max": [
      0.012526361271739006,
      -0.07147519290447235,
      1.6819525957107544
    ],
    "groups": [
      [
        "head",
        426.87995558977127
      ],
      [
        "jaw",
        0.12004447518847883
      ]
    ],
    "sample": 9406
  },
  {
    "vertices": 520,
    "min": [
      -0.04179028049111366,
      -0.11582008749246597,
      1.6374163627624512
    ],
    "max": [
      0.012875228188931942,
      -0.07082638144493103,
      1.6568330526351929
    ],
    "groups": [
      [
        "jaw",
        517.9684568941593
      ],
      [
        "head",
        1.9815431465394795
      ],
      [
        "mouth_r",
        0.05000000074505806
      ]
    ],
    "sample": 9833
  }
]
Blender 5.0.1 (hash a3db93c5b259 built 2025-12-16 01:32:30)

Blender quit
