FBX version: 7300
WARNING: User property type 'Short' is not supported
WARNING: User property type 'Short' is not supported
WARNING: User property type 'Short' is not supported
WARNING: User property type 'Short' is not supported
WARNING: User property type 'Short' is not supported
WARNING: User property type 'Short' is not supported
WARNING: User property type 'Short' is not supported
WARNING: User property type 'Short' is not supported
WARNING: User property type 'Short' is not supported
WARNING: User property type 'Short' is not supported
WARNING: User property type 'Short' is not supported
WARNING: User property type 'Short' is not supported
WARNING: User property type 'Short' is not supported
WARNING: User property type 'Short' is not supported
WARNING: User property type 'Short' is not supported
WARNING: User property type 'Short' is not supported
WARNING: User property type 'Short' is not supported
WARNING: User property type 'Short' is not supported
WARNING: User property type 'Short' is not supported
WARNING: User property type 'Short' is not supported
WARNING: User property type 'Short' is not supported
WARNING: User property type 'Short' is not supported
WARNING: User property type 'Short' is not supported
WARNING: User property type 'Short' is not supported
WARNING: User property type 'Short' is not supported
WARNING: User property type 'Short' is not supported
WARNING: User property type 'Short' is not supported
WARNING: User property type 'Short' is not supported
WARNING: User property type 'Short' is not supported
WARNING: User property type 'Short' is not supported
WARNING: User property type 'Short' is not supported
WARNING: User property type 'Short' is not supported
WARNING: User property type 'Short' is not supported
WARNING: User property type 'Short' is not supported
WARNING: User property type 'Short' is not supported
WARNING: User property type 'Short' is not supported
WARNING: User property type 'Short' is not supported
WARNING: User property type 'Short' is not supported
WARNING: User property type 'Short' is not supported
WARNING: User property type 'Short' is not supported
WARNING: User property type 'Short' is not supported
WARNING: User property type 'Short' is not supported
WARNING: User property type 'Short' is not supported
WARNING: User property type 'Short' is not supported
WARNING: User property type 'Short' is not supported
WARNING: User property type 'Short' is not supported
WARNING: User property type 'Short' is not supported
WARNING: User property type 'Short' is not supported
WARNING: User property type 'Short' is not supported
WARNING: User property type 'Short' is not supported
WARNING: User property type 'Short' is not supported
WARNING: User property type 'Short' is not supported
WARNING: User property type 'Short' is not supported
WARNING: User property type 'Short' is not supported
WARNING: User property type 'Short' is not supported
WARNING: User property type 'Short' is not supported
WARNING: User property type 'Short' is not supported
WARNING: User property type 'Short' is not supported
WARNING: User property type 'Short' is not supported
WARNING: User property type 'Short' is not supported
WARNING: User property type 'Short' is not supported
WARNING: User property type 'Short' is not supported
WARNING: User property type 'Short' is not supported
WARNING: User property type 'Short' is not supported
WARNING: User property type 'Short' is not supported
WARNING: User property type 'Short' is not supported
WARNING: User property type 'Short' is not supported
WARNING: User property type 'Short' is not supported
WARNING: User property type 'Short' is not supported
WARNING: User property type 'Short' is not supported
WARNING: User property type 'Short' is not supported
WARNING: User property type 'Short' is not supported
WARNING: User property type 'Short' is not supported
WARNING: User property type 'Short' is not supported
WARNING: User property type 'Short' is not supported
WARNING: User property type 'Short' is not supported
WARNING: User property type 'Short' is not supported
WARNING: User property type 'Short' is not supported
WARNING: User property type 'Short' is not supported
WARNING: User property type 'Short' is not supported
WARNING: User property type 'Short' is not supported
WARNING: User property type 'Short' is not supported
WARNING: User property type 'Short' is not supported
WARNING: User property type 'Short' is not supported
WARNING: User property type 'Short' is not supported
WARNING: User property type 'Short' is not supported
WARNING: User property type 'Short' is not supported
WARNING: User property type 'Short' is not supported
[
  {
    "name": "rp_eric_rigged_001",
    "type": "ARMATURE",
    "location": [
      0.0,
      0.0,
      0.0
    ],
    "rotation": [
      0.0,
      -0.0,
      0.0
    ],
    "scale": [
      0.009999999776482582,
      0.009999999776482582,
      0.009999999776482582
    ],
    "dimensions": [
      1.3206628561019897,
      1.2948676347732544,
      1.893648624420166
    ],
    "bones": [
      {
        "name": "root",
        "head": [
          0.0,
          0.0,
          0.0
        ],
        "tail": [
          0.0,
          96.9000015258789,
          0.0
        ]
      },
      {
        "name": "hip",
        "head": [
          -3.1554436208840472e-30,
          3.6384869455449026e-14,
          96.9000015258789
        ],
        "tail": [
          -3.1554436208840472e-30,
          11.041945457458496,
          96.9000015258789
        ]
      },
      {
        "name": "spine_01",
        "head": [
          -2.865745394621793e-16,
          2.6011246786030243e-14,
          111.77456665039062
        ],
        "tail": [
          -2.865745394621793e-16,
          14.874557495117188,
          111.77456665039062
        ]
      },
      {
        "name": "spine_02",
        "head": [
          6.069353173662013e-15,
          3.0272296849169836e-14,
          126.64912414550781
        ],
        "tail": [
          6.069353173662013e-15,
          14.874557495117188,
          126.64912414550781
        ]
      },
      {
        "name": "spine_03",
        "head": [
          1.1814658646758843e-14,
          3.4270427885481694e-14,
          141.523681640625
        ],
        "tail": [
          1.1814658646758843e-14,
          12.461716651916504,
          141.523681640625
        ]
      },
      {
        "name": "neck",
        "head": [
          1.8337761864550828e-14,
          3.585170287273391e-14,
          156.39825439453125
        ],
        "tail": [
          -2.989431050082203e-05,
          7.508111000061035,
          157.4154510498047
        ]
      },
      {
        "name": "head",
        "head": [
          -0.00044332543620839715,
          -1.01720130443573,
          163.9063720703125
        ],
        "tail": [
          -0.00044332543620839715,
          11.2077054977417,
          163.9063720703125
        ]
      },
      {
        "name": "head_end",
        "head": [
          -0.0004433252033777535,
          -1.0172001123428345,
          184.9846954345703
        ],
        "tail": [
          -0.0004433252033777535,
          11.207706451416016,
          184.9846954345703
        ]
      },
      {
        "name": "jaw",
        "head": [
          0.02518833428621292,
          -2.2176058292388916,
          166.79986572265625
        ],
        "tail": [
          0.012945684604346752,
          -5.411279678344727,
          175.51039123535156
        ]
      },
      {
        "name": "jaw_end",
        "head": [
          -0.008202362805604935,
          -10.928059577941895,
          163.6061553955078
        ],
        "tail": [
          -0.02044501155614853,
          -14.121733665466309,
          172.31668090820312
        ]
      },
      {
        "name": "eye_l",
        "head": [
          1.2532399892807007,
          -9.142385482788086,
          172.51866149902344
        ],
        "tail": [
          1.2532399892807007,
          -9.142390251159668,
          174.0186309814453
        ]
      },
      {
        "name": "eye_end_l",
        "head": [
          1.2532399892807007,
          -10.642359733581543,
          172.51866149902344
        ],
        "tail": [
          1.2532399892807007,
          -10.642364501953125,
          174.0186309814453
        ]
      },
      {
        "name": "eye_r",
        "head": [
          -4.796341896057129,
          -8.754741668701172,
          172.44400024414062
        ],
        "tail": [
          -4.796341896057129,
          -8.75473690032959,
          173.9439697265625
        ]
      },
      {
        "name": "eye_end_r",
        "head": [
          -4.796341896057129,
          -10.254715919494629,
          172.44400024414062
        ],
        "tail": [
          -4.796341896057129,
          -10.254711151123047,
          173.9439697265625
        ]
      },
      {
        "name": "mouth_l",
        "head": [
          1.310791254043579,
          -10.426196098327637,
          166.1533203125
        ],
        "tail": [
          1.310791254043579,
          -10.426196098327637,
          178.37823486328125
        ]
      },
      {
        "name": "mouth_r",
        "head": [
          -4.353922367095947,
          -10.06958293914795,
          165.92747497558594
        ],
        "tail": [
          -4.353922367095947,
          -10.06958293914795,
          178.15237426757812
        ]
      },
      {
        "name": "eyelid_l",
        "head": [
          1.2532399892807007,
          -9.142385482788086,
          172.51866149902344
        ],
        "tail": [
          1.2532399892807007,
          -8.642399787902832,
          174.5186309814453
        ]
      },
      {
        "name": "eyelid_end_l",
        "head": [
          1.2532399892807007,
          -11.142348289489746,
          173.01864624023438
        ],
        "tail": [
          1.2532399892807007,
          -10.642362594604492,
          175.01861572265625
        ]
      },
      {
        "name": "eyelid_r",
        "head": [
          -4.796341896057129,
          -8.754741668701172,
          172.44400024414062
        ],
        "tail": [
          -4.796341896057129,
          -8.254745483398438,
          174.4439697265625
        ]
      },
      {
        "name": "eyelid_end_r",
        "head": [
          -4.796341896057129,
          -10.754706382751465,
          172.94400024414062
        ],
        "tail": [
          -4.796341896057129,
          -8.693187713623047,
          172.94400024414062
        ]
      },
      {
        "name": "eyebrow_l",
        "head": [
          -0.36897942423820496,
          -11.927980422973633,
          173.49185180664062
        ],
        "tail": [
          -9.013294219970703,
          -11.927980422973633,
          182.13616943359375
        ]
      },
      {
        "name": "eyebrow_r",
        "head": [
          -3.535855770111084,
          -11.746944427490234,
          173.35595703125
        ],
        "tail": [
          5.108458995819092,
          -11.746944427490234,
          182.00027465820312
        ]
      },
      {
        "name": "shoulder_l",
        "head": [
          2.45406436920166,
          -0.20778349041938782,
          152.32913208007812
        ],
        "tail": [
          2.45406436920166,
          14.144509315490723,
          152.32913208007812
        ]
      },
      {
        "name": "upperarm_l",
        "head": [
          16.588314056396484,
          -0.20778347551822662,
          149.8368682861328
        ],
        "tail": [
          16.588314056396484,
          23.54804039001465,
          149.8368682861328
        ]
      },
      {
        "name": "lowerarm_l",
        "head": [
          38.98553466796875,
          -0.20778347551822662,
          127.43966674804688
        ],
        "tail": [
          43.885257720947266,
          14.652046203613281,
          122.53994750976562
        ]
      },
      {
        "name": "hand_l",
        "head": [
          52.99552536010742,
          -9.446791648864746,
          113.42967987060547
        ],
        "tail": [
          46.66529846191406,
          -9.446791648864746,
          107.09944915771484
        ]
      },
      {
        "name": "thumb_01_l",
        "head": [
          54.17915344238281,
          -13.299400329589844,
          112.15910339355469
        ],
        "tail": [
          55.86227798461914,
          -10.971572875976562,
          110.0705795288086
        ]
      },
      {
        "name": "thumb_02_l",
        "head": [
          54.69765090942383,
          -15.846044540405273,
          109.73848724365234
        ],
        "tail": [
          56.0057373046875,
          -13.335098266601562,
          108.49748992919922
        ]
      },
      {
        "name": "thumb_03_l",
        "head": [
          55.558040618896484,
          -17.509719848632812,
          107.27923583984375
        ],
        "tail": [
          56.42484664916992,
          -15.407654762268066,
          106.6740493774414
        ]
      },
      {
        "name": "thumb_end_l",
        "head": [
          56.375858306884766,
          -18.424915313720703,
          105.27178192138672
        ],
        "tail": [
          57.2426643371582,
          -16.322851181030273,
          104.66659545898438
        ]
      },
      {
        "name": "index_01_l",
        "head": [
          59.327850341796875,
          -16.034954071044922,
          108.75112915039062
        ],
        "tail": [
          56.059513092041016,
          -15.737977027893066,
          106.38346099853516
        ]
      },
      {
        "name": "index_02_l",
        "head": [
          61.31881332397461,
          -17.908832550048828,
          105.7677230834961
        ],
        "tail": [
          59.06097412109375,
          -17.5174560546875,
          104.618896484375
        ]
      },
      {
        "name": "index_03_l",
        "head": [
          62.20130920410156,
          -19.045122146606445,
          103.64620208740234
        ],
        "tail": [
          60.144248962402344,
          -18.5407657623291,
          102.9858627319336
        ]
      },
      {
        "name": "index_end_l",
        "head": [
          62.614166259765625,
          -19.954797744750977,
          101.6653060913086
        ],
        "tail": [
          60.557106018066406,
          -19.450441360473633,
          101.00496673583984
        ]
      },
      {
        "name": "middle_01_l",
        "head": [
          60.159507751464844,
          -14.13525104522705,
          108.16873168945312
        ],
        "tail": [
          56.47943115234375,
          -13.800861358642578,
          105.50279235839844
        ]
      },
      {
        "name": "middle_02_l",
        "head": [
          62.475738525390625,
          -16.03166961669922,
          104.73351287841797
        ],
        "tail": [
          59.6712760925293,
          -15.57292652130127,
          103.32032012939453
        ]
      },
      {
        "name": "middle_03_l",
        "head": [
          63.61943435668945,
          -17.29206085205078,
          102.05471801757812
        ],
        "tail": [
          61.28859329223633,
          -16.76405143737793,
          101.3252182006836
        ]
      },
      {
        "name": "middle_end_l",
        "head": [
          64.12279510498047,
          -18.20659637451172,
          99.78446960449219
        ],
        "tail": [
          61.791954040527344,
          -17.678586959838867,
          99.05496978759766
        ]
      },
      {
        "name": "ring_01_l",
        "head": [
          60.59910583496094,
          -12.179498672485352,
          107.47987365722656
        ],
        "tail": [
          57.19074249267578,
          -11.869797706604004,
          105.0107650756836
        ]
      },
      {
        "name": "ring_02_l",
        "head": [
          62.807376861572266,
          -13.733317375183105,
          104.23664855957031
        ],
        "tail": [
          60.23575973510742,
          -13.338081359863281,
          102.95194244384766
        ]
      },
      {
        "name": "ring_03_l",
        "head": [
          63.895748138427734,
          -14.748499870300293,
          101.74571228027344
        ],
        "tail": [
          61.75697708129883,
          -14.304079055786133,
          101.09136962890625
        ]
      },
      {
        "name": "ring_end_l",
        "head": [
          64.38713073730469,
          -15.480245590209961,
          99.64259338378906
        ],
        "tail": [
          62.24835968017578,
          -15.0358247756958,
          98.98825073242188
        ]
      },
      {
        "name": "pinky_01_l",
        "head": [
          60.874637603759766,
          -10.357629776000977,
          107.03780364990234
        ],
        "tail": [
          58.309547424316406,
          -10.124552726745605,
          105.1795883178711
        ]
      },
      {
        "name": "pinky_02_l",
        "head": [
          62.57945251464844,
          -11.371354103088379,
          104.55728912353516
        ],
        "tail": [
          60.6107292175293,
          -11.088432312011719,
          103.5811767578125
        ]
      },
      {
        "name": "pinky_03_l",
        "head": [
          63.43993377685547,
          -12.039539337158203,
          102.62808990478516
        ],
        "tail": [
          61.816593170166016,
          -11.732746124267578,
          102.1412353515625
        ]
      },
      {
        "name": "pinky_end_l",
        "head": [
          63.83293533325195,
          -12.512890815734863,
          101.01940155029297
        ],
        "tail": [
          62.2095947265625,
          -12.206097602844238,
          100.53254699707031
        ]
      },
      {
        "name": "lowerarm_twist_l",
        "head": [
          45.99052810668945,
          -4.827286243438721,
          120.43467712402344
        ],
        "tail": [
          50.89025115966797,
          10.032543182373047,
          115.53495788574219
        ]
      },
      {
        "name": "upperarm_twist_l",
        "head": [
          27.786930084228516,
          -0.20778347551822662,
          138.63827514648438
        ],
        "tail": [
          27.786930084228516,
          23.54804039001465,
          138.63827514648438
        ]
      },
      {
        "name": "shoulder_r",
        "head": [
          -3.6668293476104736,
          0.10056884586811066,
          152.3469696044922
        ],
        "tail": [
          -3.6668293476104736,
          -13.373310089111328,
          152.3469696044922
        ]
      },
      {
        "name": "upperarm_r",
        "head": [
          -16.93600845336914,
          0.10056884586811066,
          150.0072479248047
        ],
        "tail": [
          -16.93600845336914,
          -23.345623016357422,
          150.0072479248047
        ]
      },
      {
        "name": "lowerarm_r",
        "head": [
          -39.041297912597656,
          0.10056885331869125,
          127.90196228027344
        ],
        "tail": [
          -33.462310791015625,
          -16.819334030151367,
          133.48095703125
        ]
      },
      {
        "name": "hand_r",
        "head": [
          -54.9935417175293,
          -10.419268608093262,
          111.94972229003906
        ],
        "tail": [
          -61.315696716308594,
          -10.419268608093262,
          118.27188110351562
        ]
      },
      {
        "name": "thumb_01_r",
        "head": [
          -56.16636276245117,
          -14.849872589111328,
          110.45944213867188
        ],
        "tail": [
          -54.818756103515625,
          -16.713668823242188,
          112.13163757324219
        ]
      },
      {
        "name": "thumb_02_r",
        "head": [
          -56.58150100708008,
          -16.888872146606445,
          108.5213623046875
        ],
        "tail": [
          -55.29986572265625,
          -19.349040985107422,
          109.73725891113281
        ]
      },
      {
        "name": "thumb_03_r",
        "head": [
          -57.42448425292969,
          -18.518903732299805,
          106.1118392944336
        ],
        "tail": [
          -56.5675163269043,
          -20.59710693359375,
          106.71015930175781
        ]
      },
      {
        "name": "thumb_end_r",
        "head": [
          -58.2330322265625,
          -19.423704147338867,
          104.1271743774414
        ],
        "tail": [
          -57.37606430053711,
          -21.501907348632812,
          104.72549438476562
        ]
      },
      {
        "name": "index_01_r",
        "head": [
          -60.93157196044922,
          -16.998998641967773,
          107.07835388183594
        ],
        "tail": [
          -64.19353485107422,
          -17.29539680480957,
          109.44139862060547
        ]
      },
      {
        "name": "index_02_r",
        "head": [
          -62.918663024902344,
          -18.86922264099121,
          104.10077667236328
        ],
        "tail": [
          -64.87420654296875,
          -19.20819854736328,
          105.09578704833984
        ]
      },
      {
        "name": "index_03_r",
        "head": [
          -63.68300247192383,
          -19.853376388549805,
          102.26329803466797
        ],
        "tail": [
          -65.4458999633789,
          -20.285608291625977,
          102.82920837402344
        ]
      },
      {
        "name": "index_end_r",
        "head": [
          -64.03682708740234,
          -20.632966995239258,
          100.565673828125
        ],
        "tail": [
          -65.79972076416016,
          -21.06519889831543,
          101.13158416748047
        ]
      },
      {
        "name": "middle_01_r",
        "head": [
          -61.76580047607422,
          -15.17570686340332,
          106.47328186035156
        ],
        "tail": [
          -65.37074279785156,
          -15.503270149230957,
          109.08479309082031
        ]
      },
      {
        "name": "middle_02_r",
        "head": [
          -64.03474426269531,
          -17.033411026000977,
          103.10820007324219
        ],
        "tail": [
          -66.83348846435547,
          -17.49121856689453,
          104.51850891113281
        ]
      },
      {
        "name": "middle_03_r",
        "head": [
          -65.17610931396484,
          -18.291229248046875,
          100.43486785888672
        ],
        "tail": [
          -67.17501831054688,
          -18.74404525756836,
          101.06047821044922
        ]
      },
      {
        "name": "middle_end_r",
        "head": [
          -65.6077880859375,
          -19.075532913208008,
          98.48792266845703
        ],
        "tail": [
          -67.60669708251953,
          -19.528348922729492,
          99.11353302001953
        ]
      },
      {
        "name": "ring_01_r",
        "head": [
          -62.10768508911133,
          -13.432088851928711,
          105.9022445678711
        ],
        "tail": [
          -65.4883804321289,
          -13.739275932312012,
          108.35131072998047
        ]
      },
      {
        "name": "ring_02_r",
        "head": [
          -64.29801940917969,
          -14.97330093383789,
          102.68534088134766
        ],
        "tail": [
          -66.92015075683594,
          -15.376300811767578,
          103.99527740478516
        ]
      },
      {
        "name": "ring_03_r",
        "head": [
          -65.40778350830078,
          -16.008420944213867,
          100.1454849243164
        ],
        "tail": [
          -67.25479125976562,
          -16.392215728759766,
          100.71056365966797
        ]
      },
      {
        "name": "ring_end_r",
        "head": [
          -65.83214569091797,
          -16.640344619750977,
          98.32926940917969
        ],
        "tail": [
          -67.67915344238281,
          -17.024139404296875,
          98.89434814453125
        ]
      },
      {
        "name": "pinky_01_r",
        "head": [
          -62.43560791015625,
          -11.80380630493164,
          105.35943603515625
        ],
        "tail": [
          -64.90711975097656,
          -12.028379440307617,
          107.14985656738281
        ]
      },
      {
        "name": "pinky_02_r",
        "head": [
          -64.0782241821289,
          -12.780549049377441,
          102.96942138671875
        ],
        "tail": [
          -65.91970825195312,
          -13.045186042785645,
          103.8824462890625
        ]
      },
      {
        "name": "pinky_03_r",
        "head": [
          -64.88311767578125,
          -13.405558586120605,
          101.1649169921875
        ],
        "tail": [
          -66.16910552978516,
          -13.648595809936523,
          101.55059814453125
        ]
      },
      {
        "name": "pinky_end_r",
        "head": [
          -65.19442749023438,
          -13.780540466308594,
          99.89053344726562
        ],
        "tail": [
          -66.48041534423828,
          -14.023577690124512,
          100.27621459960938
        ]
      },
      {
        "name": "lowerarm_twist_r",
        "head": [
          -47.017425537109375,
          -5.1593475341796875,
          119.92584228515625
        ],
        "tail": [
          -41.438438415527344,
          -22.07925033569336,
          125.50482940673828
        ]
      },
      {
        "name": "upperarm_twist_r",
        "head": [
          -27.98865509033203,
          0.10056885331869125,
          138.95460510253906
        ],
        "tail": [
          -27.98865509033203,
          -23.345623016357422,
          138.95460510253906
        ]
      },
      {
        "name": "upperleg_l",
        "head": [
          9.125633239746094,
          2.425627786736134e-13,
          96.9000015258789
        ],
        "tail": [
          9.12558364868164,
          31.498079299926758,
          96.04136657714844
        ]
      },
      {
        "name": "lowerleg_l",
        "head": [
          9.120820045471191,
          -1.1448434591293335,
          54.90256118774414
        ],
        "tail": [
          9.108229637145996,
          30.51707649230957,
          57.09065246582031
        ]
      },
      {
        "name": "foot_l",
        "head": [
          9.363726615905762,
          1.7726598978042603,
          12.687366485595703
        ],
        "tail": [
          9.363726615905762,
          20.83151626586914,
          12.687366485595703
        ]
      },
      {
        "name": "ball_l",
        "head": [
          9.10892391204834,
          -13.678047180175781,
          1.531617283821106
        ],
        "tail": [
          9.108529090881348,
          -13.597867012023926,
          8.208816528320312
        ]
      },
      {
        "name": "foot_end_l",
        "head": [
          9.141818046569824,
          -20.35516357421875,
          1.6117990016937256
        ],
        "tail": [
          9.141423225402832,
          -20.274982452392578,
          8.288997650146484
        ]
      },
      {
        "name": "lowerleg_twist_l",
        "head": [
          9.242273330688477,
          0.3139084279537201,
          33.794960021972656
        ],
        "tail": [
          9.229682922363281,
          31.975828170776367,
          35.98305130004883
        ]
      },
      {
        "name": "upperleg_twist_l",
        "head": [
          9.123226165771484,
          -0.5724217891693115,
          75.90128326416016
        ],
        "tail": [
          9.123176574707031,
          30.925657272338867,
          75.04264831542969
        ]
      },
      {
        "name": "upperleg_r",
        "head": [
          -9.12563705444336,
          1.7660736375546549e-06,
          96.89995574951172
        ],
        "tail": [
          -9.12569808959961,
          -31.41266441345215,
          97.7588882446289
        ]
      },
      {
        "name": "lowerleg_r",
        "head": [
          -9.12266731262207,
          -1.1452429294586182,
          55.01640701293945
        ],
        "tail": [
          -9.14072322845459,
          -32.58677291870117,
          52.454898834228516
        ]
      },
      {
        "name": "foot_r",
        "head": [
          -9.418157577514648,
          2.270185947418213,
          13.095413208007812
        ],
        "tail": [
          -9.418157577514648,
          -16.813796997070312,
          13.095413208007812
        ]
      },
      {
        "name": "ball_r",
        "head": [
          -9.896096229553223,
          -13.304603576660156,
          2.07742977142334
        ],
        "tail": [
          -9.896675109863281,
          -13.47105598449707,
          -4.380187511444092
        ]
      },
      {
        "name": "foot_end_r",
        "head": [
          -9.918547630310059,
          -19.762182235717773,
          2.2438836097717285
        ],
        "tail": [
          -9.919126510620117,
          -19.928634643554688,
          -4.213733673095703
        ]
      },
      {
        "name": "lowerleg_twist_r",
        "head": [
          -9.270411491394043,
          0.5624716281890869,
          34.055908203125
        ],
        "tail": [
          -9.288467407226562,
          -30.879060745239258,
          31.494400024414062
        ]
      },
      {
        "name": "upperleg_twist_r",
        "head": [
          -9.124152183532715,
          -0.572620689868927,
          75.95817565917969
        ],
        "tail": [
          -9.124213218688965,
          -31.985286712646484,
          76.81710815429688
        ]
      }
    ]
  },
  {
    "name": "rp_eric_rigged_001_geo",
    "type": "MESH",
    "location": [
      0.0,
      0.0,
      0.0
    ],
    "rotation": [
      0.0,
      -0.0,
      0.0
    ],
    "scale": [
      1.0,
      1.0,
      1.0
    ],
    "dimensions": [
      1.3094286918640137,
      0.3526206910610199,
      1.8635218143463135
    ],
    "vertices": 10353,
    "polygons": 10558,
    "materials": [
      "rp_eric_rigged_001_mat"
    ],
    "modifiers": [
      [
        "rp_eric_rigged_001",
        "ARMATURE"
      ]
    ],
    "groups": [
      "hip",
      "spine_01",
      "spine_02",
      "spine_03",
      "neck",
      "head",
      "jaw",
      "eye_l",
      "eye_r",
      "mouth_l",
      "mouth_r",
      "eyelid_l",
      "eyelid_r",
      "eyebrow_l",
      "eyebrow_r",
      "shoulder_l",
      "upperarm_l",
      "lowerarm_l",
      "hand_l",
      "thumb_01_l",
      "thumb_02_l",
      "thumb_03_l",
      "index_01_l",
      "index_02_l",
      "index_03_l",
      "middle_01_l",
      "middle_02_l",
      "middle_03_l",
      "ring_01_l",
      "ring_02_l",
      "ring_03_l",
      "pinky_01_l",
      "pinky_02_l",
      "pinky_03_l",
      "lowerarm_twist_l",
      "upperarm_twist_l",
      "shoulder_r",
      "upperarm_r",
      "lowerarm_r",
      "hand_r",
      "thumb_01_r",
      "thumb_02_r",
      "thumb_03_r",
      "index_01_r",
      "index_02_r",
      "index_03_r",
      "middle_01_r",
      "middle_02_r",
      "middle_03_r",
      "ring_01_r",
      "ring_02_r",
      "ring_03_r",
      "pinky_01_r",
      "pinky_02_r",
      "pinky_03_r",
      "lowerarm_twist_r",
      "upperarm_twist_r",
      "upperleg_l",
      "lowerleg_l",
      "foot_l",
      "ball_l",
      "lowerleg_twist_l",
      "upperleg_twist_l",
      "upperleg_r",
      "lowerleg_r",
      "foot_r",
      "ball_r",
      "lowerleg_twist_r",
      "upperleg_twist_r"
    ]
  }
]
Info: Saved as "TailoredSource_Inspection.blend"
Blender 5.0.1 (hash a3db93c5b259 built 2025-12-16 01:32:30)

Blender quit
