00:03.609  blend            | Read blend: "C:\Repos\Unity\Silver Screen\ArtSource\StageSchoolA4\StageSchool_A4.blend"
Info: Read library: 'C:\Repos\Unity\Silver Screen\ArtSource\PeriodEnvironment1930\PeriodEnvironment1930.blend', '//..\PeriodEnvironment1930\PeriodEnvironment1930.blend', parent '<direct>'
Info: Read library: 'C:\Repos\Unity\Silver Screen\ArtSource\ProductionEquipment1930Candidate\ProductionEquipment1930Candidate.blend', '//..\ProductionEquipment1930Candidate\ProductionEquipment1930Candidate.blend', parent '<direct>'
B2 LOD 0 0
B2 LOD 0 40
B2 LOD 0 60
B2 LOD 0 80
{'level': 0, 'uniqueMeshTriangles': 439704, 'vertices': 594542}
B2 LOD 1 0
B2 LOD 1 40
B2 LOD 1 60
B2 LOD 1 80
{'level': 1, 'uniqueMeshTriangles': 138542, 'vertices': 197415}
B2 LOD 2 0
B2 LOD 2 40
B2 LOD 2 60
B2 LOD 2 80
{'level': 2, 'uniqueMeshTriangles': 100368, 'vertices': 145268}
Blender 5.0.1 (hash a3db93c5b259 built 2025-12-16 01:32:30)

Blender quit
