00:01.437  blend            | Read blend: "C:\Repos\Unity\Silver Screen\ArtSource\Characters\SilverScreenAdult\HeadGate\ApprovedTechnicalFoundation\SS_Head_Candidate.blend"
00:11.437  render           | Saved: 'C:\Repos\Unity\Silver Screen\ArtReview\Characters\SilverScreenAdult\HeadGate\front.png'
00:19.859  render           | Saved: 'C:\Repos\Unity\Silver Screen\ArtReview\Characters\SilverScreenAdult\HeadGate\threequarter.png'
00:28.234  render           | Saved: 'C:\Repos\Unity\Silver Screen\ArtReview\Characters\SilverScreenAdult\HeadGate\profile.png'
00:38.609  render           | Saved: 'C:\Repos\Unity\Silver Screen\ArtReview\Characters\SilverScreenAdult\HeadGate\closeup.png'
00:47.984  render           | Saved: 'C:\Repos\Unity\Silver Screen\ArtReview\Characters\SilverScreenAdult\HeadGate\clay-front.png'
C:\Repos\Unity\Silver Screen\ArtSource\Characters\SilverScreenAdult\HeadGate\refine_approved_head.py:157: DeprecationWarning: 'Material.use_nodes' is expected to be removed in Blender 6.0
  wiremat=bpy.data.materials.new('Review only - topology');wiremat.use_nodes=True
00:58.125  render           | Saved: 'C:\Repos\Unity\Silver Screen\ArtReview\Characters\SilverScreenAdult\HeadGate\topology.png'
Blender 5.0.1 (hash a3db93c5b259 built 2025-12-16 01:32:30)
Info: Saved as "SS_Head_Candidate.blend"
{
  "status": "IDENTITY_PASS_02_REVIEW",
  "technicalFoundationApproved": true,
  "artDirectionApproved": false,
  "foundationSHA256": "9719fd6a564e5a7833fa0d85abbca0e6574b0ffe89afa6d7619749b669e88fb9",
  "parts": [
    {
      "name": "SS_Head_Male_Candidate",
      "vertices": 4211,
      "faces": 4186,
      "quads": 4186,
      "boundaryEdges": 40,
      "edgesWithMoreThanTwoFaces": 0,
      "degenerateFaces": 0,
      "topologyUVAndSourceIdsUnchanged": true,
      "meanDisplacementMillimetres": 0.6830924798912384,
      "maxDisplacementMillimetres": 3.454956928694343
    },
    {
      "name": "SS_Eye_L",
      "vertices": 324,
      "faces": 320,
      "quads": 320,
      "boundaryEdges": 0,
      "edgesWithMoreThanTwoFaces": 0,
      "degenerateFaces": 0,
      "topologyUVAndSourceIdsUnchanged": true,
      "meanDisplacementMillimetres": 0.0,
      "maxDisplacementMillimetres": 0.0
    },
    {
      "name": "SS_Eye_R",
      "vertices": 324,
      "faces": 320,
      "quads": 320,
      "boundaryEdges": 0,
      "edgesWithMoreThanTwoFaces": 0,
      "degenerateFaces": 0,
      "topologyUVAndSourceIdsUnchanged": true,
      "meanDisplacementMillimetres": 0.0,
      "maxDisplacementMillimetres": 0.0
    },
    {
      "name": "SS_Teeth",
      "vertices": 2642,
      "faces": 2421,
      "quads": 2421,
      "boundaryEdges": 374,
      "edgesWithMoreThanTwoFaces": 0,
      "degenerateFaces": 0,
      "topologyUVAndSourceIdsUnchanged": true,
      "meanDisplacementMillimetres": 0.2303693926151206,
      "maxDisplacementMillimetres": 1.385949976905282
    },
    {
      "name": "SS_Tongue",
      "vertices": 309,
      "faces": 296,
      "quads": 296,
      "boundaryEdges": 24,
      "edgesWithMoreThanTwoFaces": 0,
      "degenerateFaces": 0,
      "topologyUVAndSourceIdsUnchanged": true,
      "meanDisplacementMillimetres": 0.10045937052340957,
      "maxDisplacementMillimetres": 0.2673535146683301
    }
  ],
  "lightingAndCameraContract": "Identical to the approved technical-foundation review",
  "rigContractUnchanged": true,
  "bodyAuthored": false,
  "rigged": false,
  "deformationValidated": false,
  "shapeKeyAudit": "Existing 148-shape audit preserved; no expression keys introduced",
  "renderViews": [
    "front",
    "threequarter",
    "profile",
    "closeup",
    "clay-front",
    "topology"
  ]
}
