00:01.000  blend            | Read blend: "C:\Repos\Unity\Silver Screen\ArtSource\StageSchoolA3\StageSchool_A3.blend"
Info: Read library: 'C:\Repos\Unity\Silver Screen\ArtSource\PeriodEnvironment1930\PeriodEnvironment1930.blend', '//..\PeriodEnvironment1930\PeriodEnvironment1930.blend', parent '<direct>'
Info: Read library: 'C:\Repos\Unity\Silver Screen\ArtSource\ProductionEquipment1930Candidate\ProductionEquipment1930Candidate.blend', '//..\ProductionEquipment1930Candidate\ProductionEquipment1930Candidate.blend', parent '<direct>'
{
  "roof_masses": 9,
  "exposed_internal_cascade_components": [],
  "recessed_liners": 24,
  "visible_perimeter_downpipes": 15,
  "rainwater_triangles_before": 111966.0,
  "rainwater_triangles_after": 86104,
  "rainwater_triangles_removed": 25862.0,
  "conceptual_routes": [
    {
      "roof": "Entrance",
      "destination": "ground gully",
      "outlet": [
        3.3440001010894775,
        -9.539999961853027
      ],
      "type": "wall-supported downpipe with open shoe"
    },
    {
      "roof": "Entrance",
      "destination": "perimeter rainwater via concealed box collection",
      "type": "recessed internal liner; no exposed cascade fittings"
    },
    {
      "roof": "Entrance",
      "destination": "perimeter rainwater via concealed box collection",
      "type": "recessed internal liner; no exposed cascade fittings"
    },
    {
      "roof": "Entrance",
      "destination": "perimeter rainwater via concealed box collection",
      "type": "recessed internal liner; no exposed cascade fittings"
    },
    {
      "roof": "Entrance",
      "destination": "perimeter rainwater via concealed box collection",
      "type": "recessed internal liner; no exposed cascade fittings"
    },
    {
      "roof": "Waiting",
      "destination": "ground gully",
      "outlet": [
        -6.320709228515625,
        -9.390000343322754
      ],
      "type": "wall-supported downpipe with open shoe"
    },
    {
      "roof": "Waiting",
      "destination": "perimeter rainwater via concealed box collection",
      "type": "recessed internal liner; no exposed cascade fittings"
    },
    {
      "roof": "Waiting",
      "destination": "perimeter rainwater via concealed box collection",
      "type": "recessed internal liner; no exposed cascade fittings"
    },
    {
      "roof": "Waiting",
      "destination": "ground gully",
      "outlet": [
        -11.440000534057617,
        -8.669642448425293
      ],
      "type": "wall-supported downpipe with open shoe"
    },
    {
      "roof": "Preparation",
      "destination": "perimeter rainwater via concealed box collection",
      "type": "recessed internal liner; no exposed cascade fittings"
    },
    {
      "roof": "Preparation",
      "destination": "ground gully",
      "outlet": [
        10.86701774597168,
        -9.49000072479248
      ],
      "type": "wall-supported downpipe with open shoe"
    },
    {
      "roof": "Preparation",
      "destination": "ground gully",
      "outlet": [
        11.440000534057617,
        -0.22684946656227112
      ],
      "type": "wall-supported downpipe with open shoe"
    },
    {
      "roof": "Preparation",
      "destination": "perimeter rainwater via concealed box collection",
      "type": "recessed internal liner; no exposed cascade fittings"
    },
    {
      "roof": "Hall",
      "destination": "perimeter rainwater via concealed box collection",
      "type": "recessed internal liner; no exposed cascade fittings"
    },
    {
      "roof": "Hall",
      "destination": "perimeter rainwater via concealed box collection",
      "type": "recessed internal liner; no exposed cascade fittings"
    },
    {
      "roof": "WestEvaluation",
      "destination": "perimeter rainwater via concealed box collection",
      "type": "recessed internal liner; no exposed cascade fittings"
    },
    {
      "roof": "WestEvaluation",
      "destination": "perimeter rainwater via concealed box collection",
      "type": "recessed internal liner; no exposed cascade fittings"
    },
    {
      "roof": "WestEvaluation",
      "destination": "perimeter rainwater via concealed box collection",
      "type": "recessed internal liner; no exposed cascade fittings"
    },
    {
      "roof": "WestEvaluation",
      "destination": "perimeter rainwater via concealed box collection",
      "type": "recessed internal liner; no exposed cascade fittings"
    },
    {
      "roof": "WestEvaluation",
      "destination": "perimeter rainwater via concealed box collection",
      "type": "recessed internal liner; no exposed cascade fittings"
    },
    {
      "roof": "WestService",
      "destination": "perimeter rainwater via concealed box collection",
      "type": "recessed internal liner; no exposed cascade fittings"
    },
    {
      "roof": "WestService",
      "destination": "ground gully",
      "outlet": [
        -2.6599998474121094,
        14.293635368347168
      ],
      "type": "wall-supported downpipe with open shoe"
    },
    {
      "roof": "WestService",
      "destination": "ground gully",
      "outlet": [
        -13.703999519348145,
        14.539999961853027
      ],
      "type": "wall-supported downpipe with open shoe"
    },
    {
      "roof": "WestService",
      "destination": "ground gully",
      "outlet": [
        -14.539999961853027,
        10.078977584838867
      ],
      "type": "wall-supported downpipe with open shoe"
    },
    {
      "roof": "WestService",
      "destination": "perimeter rainwater via concealed box collection",
      "type": "recessed internal liner; no exposed cascade fittings"
    },
    {
      "roof": "CommonBay",
      "destination": "ground gully",
      "outlet": [
        -13.30222225189209,
        0.46000003814697266
      ],
      "type": "wall-supported downpipe with open shoe"
    },
    {
      "roof": "CommonBay",
      "destination": "perimeter rainwater via concealed box collection",
      "type": "recessed internal liner; no exposed cascade fittings"
    },
    {
      "roof": "CommonBay",
      "destination": "perimeter rainwater via concealed box collection",
      "type": "recessed internal liner; no exposed cascade fittings"
    },
    {
      "roof": "CommonBay",
      "destination": "ground gully",
      "outlet": [
        -14.539999961853027,
        0.7309091091156006
      ],
      "type": "wall-supported downpipe with open shoe"
    },
    {
      "roof": "Interview",
      "destination": "perimeter rainwater via concealed box collection",
      "type": "recessed internal liner; no exposed cascade fittings"
    },
    {
      "roof": "Interview",
      "destination": "ground gully",
      "outlet": [
        -0.5129562616348267,
        12.539999961853027
      ],
      "type": "wall-supported downpipe with open shoe"
    },
    {
      "roof": "Interview",
      "destination": "perimeter rainwater via concealed box collection",
      "type": "recessed internal liner; no exposed cascade fittings"
    },
    {
      "roof": "Interview",
      "destination": "perimeter rainwater via concealed box collection",
      "type": "recessed internal liner; no exposed cascade fittings"
    },
    {
      "roof": "Audition",
      "destination": "perimeter rainwater via concealed box collection",
      "type": "recessed internal liner; no exposed cascade fittings"
    },
    {
      "roof": "Audition",
      "destination": "ground gully",
      "outlet": [
        14.229721069335938,
        0.46000003814697266
      ],
      "type": "wall-supported downpipe with open shoe"
    },
    {
      "roof": "Audition",
      "destination": "ground gully",
      "outlet": [
        14.539999961853027,
        14.51200008392334
      ],
      "type": "wall-supported downpipe with open shoe"
    },
    {
      "roof": "Audition",
      "destination": "ground gully",
      "outlet": [
        3.308000087738037,
        15.539999961853027
      ],
      "type": "wall-supported downpipe with open shoe"
    },
    {
      "roof": "Audition",
      "destination": "ground gully",
      "outlet": [
        2.4599997997283936,
        14.292242050170898
      ],
      "type": "wall-supported downpipe with open shoe"
    },
    {
      "roof": "Audition",
      "destination": "perimeter rainwater via concealed box collection",
      "type": "recessed internal liner; no exposed cascade fittings"
    }
  ]
}
Blender 5.0.1 (hash a3db93c5b259 built 2025-12-16 01:32:30)

Blender quit
