00:01.406  blend            | Read blend: "C:\Repos\Unity\Silver Screen\ArtSource\StageSchoolA1\StageSchool_A1.blend"
C:\Repos\Unity\Silver Screen\ArtSource\StageSchoolA3\generate_stage_school_a3.py:25: DeprecationWarning: 'Material.use_nodes' is expected to be removed in Blender 6.0
  mirror=bpy.data.materials.new('SS_Mirror');mirror.use_nodes=True
Info: Read library: 'C:\Repos\Unity\Silver Screen\ArtSource\PeriodEnvironment1930\PeriodEnvironment1930.blend', '//../PeriodEnvironment1930/PeriodEnvironment1930.blend', parent '<direct>'
Info: Read library: 'C:\Repos\Unity\Silver Screen\ArtSource\ProductionEquipment1930Candidate\ProductionEquipment1930Candidate.blend', '//../ProductionEquipment1930Candidate/ProductionEquipment1930Candidate.blend', parent '<direct>'
A3 foundations, floors and articulated shell
A3 stepped roofs and connected drainage
A3 room furnishings and ceilings
A3 continuous opening-aware wall joinery
A3 reusable armchair and functional furnishing audit
A3 audition performance installation
A3 complete period washroom fixtures
A3 entrance stonework, handrails and cast letters
A3 waiting/common wall composition
A3 roof/occupied-volume intersection correction
A3 source finish complete; clipped roof faces: 11581
A3.1 local roof junctions and supported drainage
A3.1 pendant mounts and restroom hardware
A3.1 finished: twelve ceiling mounts, nine roofs routed, local junctions
Ceilings/SupportPendant0 False
Ceilings/SupportPendant1 False
Ceilings/SupportPendant2 False
Ceilings/SupportPendant3 False
Blender 5.0.1 (hash a3db93c5b259 built 2025-12-16 01:32:30)

Blender quit
