C:\Repos\Unity\Silver Screen\ArtSource\Characters\SilverScreenAdult\BodyGate\extract_body.py:44: DeprecationWarning: 'Material.use_nodes' is expected to be removed in Blender 6.0
  mat=bpy.data.materials.new('Source inspection clay');mat.diffuse_color=(.25,.25,.25,1);mat.use_nodes=True
C:\Repos\Unity\Silver Screen\ArtSource\Characters\SilverScreenAdult\BodyGate\extract_body.py:50: DeprecationWarning: 'World.use_nodes' is expected to be removed in Blender 6.0
  scene=bpy.context.scene;scene.world=bpy.data.worlds.new('Neutral');scene.world.use_nodes=True
00:08.922  render           | Saved: 'C:\Repos\Unity\Silver Screen\ArtReview\Characters\SilverScreenAdult\BodyGate\SourceInspection\front.png'
00:12.234  render           | Saved: 'C:\Repos\Unity\Silver Screen\ArtReview\Characters\SilverScreenAdult\BodyGate\SourceInspection\side.png'
00:15.750  render           | Saved: 'C:\Repos\Unity\Silver Screen\ArtReview\Characters\SilverScreenAdult\BodyGate\SourceInspection\back.png'
Extensions: writing cache failed ([WinError 183] Cannot create a file when that file already exists: 'C:\\Users\\Sez\\AppData\\Roaming\\Blender Foundation\\Blender\\5.0\\extensions\\.cache').
FBX version: 7200
ERROR: not enough data in this FBX layer, missing data will be left as default!
ERROR: not enough data in this FBX layer, missing data will be left as default!
ERROR: not enough data in this FBX layer, missing data will be left as default!
ERROR: not enough data in this FBX layer, missing data will be left as default!
ERROR: not enough data in this FBX layer, missing data will be left as default!
ERROR: not enough data in this FBX layer, missing data will be left as default!
ERROR: not enough data in this FBX layer, missing data will be left as default!
ERROR: not enough data in this FBX layer, missing data will be left as default!
ERROR: not enough data in this FBX layer, missing data will be left as default!
ERROR: not enough data in this FBX layer, missing data will be left as default!
ERROR: not enough data in this FBX layer, missing data will be left as default!
{
  "vertices": 9309,
  "faces": 9288,
  "boundsMin": [
    -0.6732053756713867,
    -0.15838070213794708,
    0.022966604679822922
  ],
  "boundsMax": [
    0.6732218265533447,
    0.1311221867799759,
    1.4664455652236938
  ],
  "landmarks": [
    {
      "name": "CC_Base_Pelvis",
      "head": [
        -3.552712606774427e-17,
        2.3841981722227956e-09,
        1.0040724277496338
      ],
      "tail": [
        1.6311993249473744e-06,
        -0.02130420319736004,
        1.093690037727356
      ]
    },
    {
      "name": "CC_Base_L_Thigh",
      "head": [
        0.09031543880701065,
        0.007605649530887604,
        0.9876170754432678
      ],
      "tail": [
        0.086708202958107,
        0.012030202895402908,
        0.7794857621192932
      ]
    },
    {
      "name": "CC_Base_L_Calf",
      "head": [
        0.08310787379741669,
        0.016450656577944756,
        0.571354329586029
      ],
      "tail": [
        0.08031688630580902,
        0.018832316622138023,
        0.4060096740722656
      ]
    },
    {
      "name": "CC_Base_L_Foot",
      "head": [
        0.07473520934581757,
        0.023593882098793983,
        0.07532040774822235
      ],
      "tail": [
        0.08809573948383331,
        -0.09656821191310883,
        0.037525858730077744
      ]
    },
    {
      "name": "CC_Base_L_ToeBaseShareBone",
      "head": [
        0.0880969986319542,
        -0.09656824916601181,
        0.03752638027071953
      ],
      "tail": [
        0.09854696691036224,
        -0.22279974818229675,
        0.036018721759319305
      ]
    },
    {
      "name": "CC_Base_L_ToeBase",
      "head": [
        0.0880969911813736,
        -0.09656822681427002,
        0.03752639517188072
      ],
      "tail": [
        0.09021050482988358,
        -0.12209861725568771,
        0.03722147271037102
      ]
    },
    {
      "name": "CC_Base_L_CalfTwist01",
      "head": [
        0.08310788869857788,
        0.016450684517621994,
        0.571354329586029
      ],
      "tail": [
        0.07891687005758286,
        0.02002675086259842,
        0.32333746552467346
      ]
    },
    {
      "name": "CC_Base_L_CalfTwist02",
      "head": [
        0.07892154902219772,
        0.020022213459014893,
        0.3233373165130615
      ],
      "tail": [
        0.07472969591617584,
        0.02359895594418049,
        0.07532051205635071
      ]
    },
    {
      "name": "CC_Base_L_ThighTwist01",
      "head": [
        0.09031544625759125,
        0.007605662569403648,
        0.9876171946525574
      ],
      "tail": [
        0.08671138435602188,
        0.012020659632980824,
        0.7794852256774902
      ]
    },
    {
      "name": "CC_Base_L_ThighTwist02",
      "head": [
        0.08671167492866516,
        0.01202824804931879,
        0.7794854044914246
      ],
      "tail": [
        0.08310758322477341,
        0.016443271189928055,
        0.5713534355163574
      ]
    },
    {
      "name": "CC_Base_R_Thigh",
      "head": [
        -0.090311698615551,
        0.0076088677160441875,
        0.9876180291175842
      ],
      "tail": [
        -0.0867072194814682,
        0.012039124965667725,
        0.7794880270957947
      ]
    },
    {
      "name": "CC_Base_R_Calf",
      "head": [
        -0.08310897648334503,
        0.01646711677312851,
        0.5713580846786499
      ],
      "tail": [
        -0.08031943440437317,
        0.018851730972528458,
        0.4060107469558716
      ]
    },
    {
      "name": "CC_Base_R_Foot",
      "head": [
        -0.07474071532487869,
        0.023619482293725014,
        0.07531628757715225
      ],
      "tail": [
        -0.08810717612504959,
        -0.09654843807220459,
        0.03751978650689125
      ]
    },
    {
      "name": "CC_Base_R_ToeBase",
      "head": [
        -0.08810828626155853,
        -0.09654863178730011,
        0.03752068802714348
      ],
      "tail": [
        -0.09022119641304016,
        -0.12207992374897003,
        0.03721651807427406
      ]
    },
    {
      "name": "CC_Base_R_ToeBaseShareBone",
      "head": [
        -0.08810830116271973,
        -0.09654857218265533,
        0.03752070292830467
      ],
      "tail": [
        -0.09855547547340393,
        -0.22278708219528198,
        0.03601667657494545
      ]
    },
    {
      "name": "CC_Base_R_CalfTwist01",
      "head": [
        -0.08310908824205399,
        0.016467178240418434,
        0.5713581442832947
      ],
      "tail": [
        -0.07892025262117386,
        0.020047660917043686,
        0.323337197303772
      ]
    },
    {
      "name": "CC_Base_R_CalfTwist02",
      "head": [
        -0.07892490923404694,
        0.020043255761265755,
        0.32333704829216003
      ],
      "tail": [
        -0.07473523914813995,
        0.023624420166015625,
        0.0753161609172821
      ]
    },
    {
      "name": "CC_Base_R_ThighTwist01",
      "head": [
        -0.0903116837143898,
        0.007608888670802116,
        0.9876178503036499
      ],
      "tail": [
        -0.08671043068170547,
        0.012029613368213177,
        0.7794877290725708
      ]
    },
    {
      "name": "CC_Base_R_ThighTwist02",
      "head": [
        -0.0867103859782219,
        0.012038086540997028,
        0.7794879078865051
      ],
      "tail": [
        -0.08310910314321518,
        0.01645880937576294,
        0.571357786655426
      ]
    },
    {
      "name": "CC_Base_Spine01",
      "head": [
        1.8386989495411399e-06,
        -0.027528762817382812,
        1.1095463037490845
      ],
      "tail": [
        1.1901234756805934e-05,
        -0.012661710381507874,
        1.2304322719573975
      ]
    },
    {
      "name": "CC_Base_Spine02",
      "head": [
        1.1892969268956222e-05,
        -0.012656171806156635,
        1.2304316759109497
      ],
      "tail": [
        1.3783141184831038e-05,
        0.02589322440326214,
        1.406379222869873
      ]
    },
    {
      "name": "CC_Base_NeckTwist01",
      "head": [
        1.4494225069938693e-05,
        0.04067134112119675,
        1.4738421440124512
      ],
      "tail": [
        -1.2577209417941049e-05,
        0.03268267214298248,
        1.5065561532974243
      ]
    },
    {
      "name": "CC_Base_NeckTwist02",
      "head": [
        -1.2557274203572888e-05,
        0.032710302621126175,
        1.5065629482269287
      ],
      "tail": [
        -0.0001911004655994475,
        0.022001104429364204,
        1.540088176727295
      ]
    },
    {
      "name": "CC_Base_L_Clavicle",
      "head": [
        0.04186966270208359,
        0.030191533267498016,
        1.4178591966629028
      ],
      "tail": [
        0.1335611641407013,
        0.051609452813863754,
        1.4209126234054565
      ]
    },
    {
      "name": "CC_Base_L_Upperarm",
      "head": [
        0.1335611343383789,
        0.05160955339670181,
        1.420912742614746
      ],
      "tail": [
        0.23866255581378937,
        0.05231444537639618,
        1.3608976602554321
      ]
    },
    {
      "name": "CC_Base_L_Forearm",
      "head": [
        0.3437734842300415,
        0.0530400425195694,
        1.3008999824523926
      ],
      "tail": [
        0.4043015241622925,
        0.05191337317228317,
        1.2666044235229492
      ]
    },
    {
      "name": "CC_Base_L_ForearmTwist01",
      "head": [
        0.34377333521842957,
        0.05303996056318283,
        1.3008999824523926
      ],
      "tail": [
        0.4345645308494568,
        0.05135001242160797,
        1.2494558095932007
      ]
    },
    {
      "name": "CC_Base_L_ForearmTwist02",
      "head": [
        0.43456339836120605,
        0.05135010555386543,
        1.2494537830352783
      ],
      "tail": [
        0.5253551602363586,
        0.049659207463264465,
        1.1980106830596924
      ]
    },
    {
      "name": "CC_Base_L_Hand",
      "head": [
        0.5253536701202393,
        0.04966025426983833,
        1.198007345199585
      ],
      "tail": [
        0.5852755308151245,
        0.05343148112297058,
        1.1618402004241943
      ]
    },
    {
      "name": "CC_Base_L_UpperarmTwist01",
      "head": [
        0.13356103003025055,
        0.051609501242637634,
        1.4209126234054565
      ],
      "tail": [
        0.23866276443004608,
        0.052313677966594696,
        1.3608973026275635
      ]
    },
    {
      "name": "CC_Base_L_UpperarmTwist02",
      "head": [
        0.23866750299930573,
        0.052324142307043076,
        1.3609058856964111
      ],
      "tail": [
        0.34376922249794006,
        0.05302802100777626,
        1.3008908033370972
      ]
    },
    {
      "name": "CC_Base_R_Clavicle",
      "head": [
        -0.04184747114777565,
        0.030192626640200615,
        1.4178532361984253
      ],
      "tail": [
        -0.13353732228279114,
        0.05161479860544205,
        1.4209098815917969
      ]
    },
    {
      "name": "CC_Base_R_Upperarm",
      "head": [
        -0.13353729248046875,
        0.051614925265312195,
        1.4209096431732178
      ],
      "tail": [
        -0.23863585293293,
        0.052334289997816086,
        1.3608918190002441
      ]
    },
    {
      "name": "CC_Base_R_Forearm",
      "head": [
        -0.34374353289604187,
        0.05307438224554062,
        1.3008910417556763
      ],
      "tail": [
        -0.40427249670028687,
        0.05197775363922119,
        1.2665977478027344
      ]
    },
    {
      "name": "CC_Base_R_ForearmTwist01",
      "head": [
        -0.3437437117099762,
        0.05307431519031525,
        1.3008910417556763
      ],
      "tail": [
        -0.4345361292362213,
        0.05142941698431969,
        1.2494502067565918
      ]
    },
    {
      "name": "CC_Base_R_ForearmTwist02",
      "head": [
        -0.4345349073410034,
        0.05142952874302864,
        1.2494479417800903
      ],
      "tail": [
        -0.5253279209136963,
        0.04978368058800697,
        1.1980081796646118
      ]
    },
    {
      "name": "CC_Base_R_Hand",
      "head": [
        -0.5253267288208008,
        0.04978469759225845,
        1.1980053186416626
      ],
      "tail": [
        -0.5852469801902771,
        0.05358332023024559,
        1.161842703819275
      ]
    },
    {
      "name": "CC_Base_R_UpperarmTwist01",
      "head": [
        -0.13353711366653442,
        0.05161488056182861,
        1.4209092855453491
      ],
      "tail": [
        -0.23863570392131805,
        0.05233355984091759,
        1.360891342163086
      ]
    },
    {
      "name": "CC_Base_R_UpperarmTwist02",
      "head": [
        -0.2386404126882553,
        0.052344001829624176,
        1.360899806022644
      ],
      "tail": [
        -0.34373900294303894,
        0.05306236073374748,
        1.3008819818496704
      ]
    }
  ]
}
Blender 5.0.1 (hash a3db93c5b259 built 2025-12-16 01:32:30)

Blender quit
