00:02.937  blend            | Read blend: "C:\Repos\Unity\Silver Screen\ArtSource\Characters\ThirdParty\BlenderHumanBaseMeshes\human-base-meshes-bundle-v1.4.1\human_base_meshes_bundle.blend"
00:03.516  anim.driver      | WARNING Invalid driver - modifiers["mask_legs"].show_viewport[0]
00:03.516  anim.driver      | WARNING Invalid driver - modifiers["mask_arms"].show_viewport[0]
00:03.516  anim.driver      | WARNING Invalid driver - modifiers["mask_legs"].show_viewport[0]
00:03.516  anim.driver      | WARNING Invalid driver - modifiers["mask_arms"].show_viewport[0]
00:03.516  anim.driver      | WARNING Invalid driver - modifiers["mask_legs"].show_viewport[0]
00:03.516  anim.driver      | WARNING Invalid driver - modifiers["mask_arms"].show_viewport[0]
00:03.516  anim.driver      | WARNING Invalid driver - modifiers["mask_legs"].show_viewport[0]
00:03.516  anim.driver      | WARNING Invalid driver - modifiers["mask_arms"].show_viewport[0]
00:03.516  anim.driver      | WARNING Invalid driver - modifiers["mask_legs"].show_viewport[0]
00:03.516  anim.driver      | WARNING Invalid driver - modifiers["mask_arms"].show_viewport[0]
00:03.516  anim.driver      | WARNING Invalid driver - modifiers["mask_legs"].show_viewport[0]
00:03.516  anim.driver      | WARNING Invalid driver - modifiers["mask_arms"].show_viewport[0]
00:03.516  anim.driver      | WARNING Invalid driver - modifiers["mask_legs"].show_viewport[0]
00:03.516  anim.driver      | WARNING Invalid driver - modifiers["mask_arms"].show_viewport[0]
00:03.516  anim.driver      | WARNING Invalid driver - modifiers["mask_legs"].show_viewport[0]
00:03.516  anim.driver      | WARNING Invalid driver - modifiers["mask_arms"].show_viewport[0]
00:03.516  anim.driver      | WARNING Invalid driver - modifiers["mask_legs"].show_viewport[0]
00:03.516  anim.driver      | WARNING Invalid driver - modifiers["mask_arms"].show_viewport[0]
00:03.516  anim.driver      | WARNING Invalid driver - modifiers["mask_legs"].show_viewport[0]
00:03.516  anim.driver      | WARNING Invalid driver - modifiers["mask_arms"].show_viewport[0]
00:03.516  anim.driver      | WARNING Invalid driver - modifiers["mask_legs"].show_viewport[0]
00:03.516  anim.driver      | WARNING Invalid driver - modifiers["mask_arms"].show_viewport[0]
00:03.516  anim.driver      | WARNING Invalid driver - modifiers["mask_legs"].show_viewport[0]
00:03.516  anim.driver      | WARNING Invalid driver - modifiers["mask_arms"].show_viewport[0]
00:03.516  anim.driver      | WARNING Invalid driver - modifiers["mask_legs"].show_viewport[0]
00:03.516  anim.driver      | WARNING Invalid driver - modifiers["mask_arms"].show_viewport[0]
{
  "collections": [
    {
      "name": "Body Female - Primitive (Stylized)",
      "author": "Paul Kotelevets",
      "description": "Simple objects with subdivision modifiers. Easy for design sculpting and remeshing",
      "license": "CC0",
      "copyright": "",
      "objects": [
        "GEO-neck_female_primitive_stylized",
        "GEO-leg_upper_female_primitive_stylized.L",
        "GEO-breast_female_primitive_stylized.L",
        "GEO-shoulder_female_primitive_stylized.L",
        "GEO-arm_upper_female_primitive_stylized.L",
        "GEO-toe_big_female_primitive_stylized.L",
        "GEO-pelvis_female_primitive_stylized",
        "GEO-hand_female_primitive_stylized.L",
        "GEO-belly_female_primitive_stylized",
        "GEO-leg_lower_female_primitive_stylized.L",
        "GEO-chest_female_primitive_stylized",
        "GEO-finger_ring_female_primitive_stylized.L",
        "GEO-arm_lower_female_primitive_stylized.L",
        "GEO-head_female_primitive_stylized",
        "GEO-nose_bridge_female_primitive_stylized",
        "GEO-eye_female_primitive_stylized.L",
        "GEO-eyelid_upper_female_primitive_stylized.L",
        "GEO-eyelid_lower_female_primitive_stylized.L",
        "GEO-nose_female_primitive_stylized",
        "GEO-finger_middle_female_primitive_stylized.L",
        "GEO-thumb_female_primitive_stylized.L",
        "GEO-finger_index_female_primitive_stylized.L",
        "GEO-finger_pinky_female_primitive_stylized.L",
        "GEO-toe_index_female_primitive_stylized.L",
        "GEO-toe_middle_female_primitive_stylized.L",
        "GEO-toe_ring_female_primitive_stylized.L",
        "GEO-toe_pinky_female_primitive_stylized.L",
        "GEO-foot_female_primitive_stylized.L",
        "GEO-ear_female_primitive_stylized.L",
        "GEO-breast_female_primitive_stylized.R",
        "GEO-eye_female_primitive_stylized.R",
        "GEO-eyelid_upper_female_primitive_stylized.R",
        "GEO-eyelid_lower_female_primitive_stylized.R",
        "GEO-ear_female_primitive_stylized.R",
        "GEO-leg_upper_female_primitive_stylized.R",
        "GEO-shoulder_female_primitive_stylized.R",
        "GEO-arm_upper_female_primitive_stylized.R",
        "GEO-toe_big_female_primitive_stylized.R",
        "GEO-hand_female_primitive_stylized.R",
        "GEO-leg_lower_female_primitive_stylized.R",
        "GEO-finger_ring_female_primitive_stylized.R",
        "GEO-arm_lower_female_primitive_stylized.R",
        "GEO-finger_middle_female_primitive_stylized.R",
        "GEO-thumb_female_primitive_stylized.R",
        "GEO-finger_index_female_primitive_stylized.R",
        "GEO-finger_pinky_female_primitive_stylized.R",
        "GEO-toe_index_female_primitive_stylized.R",
        "GEO-toe_middle_female_primitive_stylized.R",
        "GEO-toe_ring_female_primitive_stylized.R",
        "GEO-toe_pinky_female_primitive_stylized.R",
        "GEO-foot_female_primitive_stylized.R"
      ]
    },
    {
      "name": "Body Female - Primitve (Realistic)",
      "author": "Paul Kotelevets, Julien Kaspar",
      "description": "Simple objects with subdivision modifiers. Easy for design sculpting and remeshing",
      "license": "CC0",
      "copyright": "",
      "objects": [
        "GEO-breasts_primitive_female_realistic",
        "GEO-leg_lower_primitive_female_realistic.L",
        "GEO-leg_upper_primitive_female_realistic.L",
        "GEO-belly_primitive_female_realistic",
        "GEO-toe_big_primitive_female_realistic.L",
        "GEO-shoulder_primitive_female_realistic.L",
        "GEO-finger_ring_primitive_female_realistic.L",
        "GEO-arm_lower_primitive_female_realistic.L",
        "GEO-hand_primitive_female_realistic.L",
        "GEO-chest_primitive_female_realistic",
        "GEO-arm_upper_primitive_female_realistic.L",
        "GEO-pelvis_female_primitive_realistic",
        "GEO-neck_primitive_female_realistic",
        "GEO-head_primitive_female_realistic",
        "GEO-eye_primitve_female_realistic.L",
        "GEO-nose_bridge_primitve_female_realistic",
        "GEO-ear_primitve_female_realistic.L",
        "GEO-eyelid_lower_primitve_female_realistic.L",
        "GEO-eyelid_upper_primitve_female_realistic.L",
        "GEO-nose_primitve_female_realistic",
        "GEO-finger_pinky_primitive_female_realistic.L",
        "GEO-thumb_primitive_female_realistic.L",
        "GEO-finger_index_primitive_female_realistic.L",
        "GEO-finger_middle_primitive_female_realistic.L",
        "GEO-toe_index_primitive_female_realistic.L",
        "GEO-toe_ring_primitive_female_realistic.L",
        "GEO-toe_pinky_primitive_female_realistic.L",
        "GEO-toe_middle_primitive_female_realistic.L",
        "GEO-foot_primitive_female_realistic.L",
        "GEO-leg_lower_primitive_female_realistic.R",
        "GEO-leg_upper_primitive_female_realistic.R",
        "GEO-toe_big_primitive_female_realistic.R",
        "GEO-eye_primitve_female_realistic.R",
        "GEO-ear_primitve_female_realistic.R",
        "GEO-eyelid_lower_primitve_female_realistic.R",
        "GEO-eyelid_upper_primitve_female_realistic.R",
        "GEO-toe_index_primitive_female_realistic.R",
        "GEO-toe_ring_primitive_female_realistic.R",
        "GEO-toe_pinky_primitive_female_realistic.R",
        "GEO-toe_middle_primitive_female_realistic.R",
        "GEO-foot_primitive_female_realistic.R",
        "GEO-shoulder_primitive_female_realistic.R",
        "GEO-finger_ring_primitive_female_realistic.R",
        "GEO-arm_lower_primitive_female_realistic.R",
        "GEO-hand_primitive_female_realistic.R",
        "GEO-arm_upper_primitive_female_realistic.R",
        "GEO-finger_pinky_primitive_female_realistic.R",
        "GEO-thumb_primitive_female_realistic.R",
        "GEO-finger_index_primitive_female_realistic.R",
        "GEO-finger_middle_primitive_female_realistic.R"
      ]
    },
    {
      "name": "Body Female - Realistic",
      "author": "Dan Ulrich",
      "description": "Realistic scan data model with multiresolution details",
      "license": "CC0",
      "copyright": "",
      "objects": [
        "GEO-body_female_realistic",
        "GEO-body_female_realistic.eye.L",
        "GEO-body_female_realistic.eye.R"
      ]
    },
    {
      "name": "Body Female - Stylized",
      "author": "Julien Kaspar",
      "description": "Generic stylized topology. Based on the open source character \"Rain\"",
      "license": "CC0",
      "copyright": "",
      "objects": [
        "GEO-body_female_stylized",
        "GEO-body_female_stylized.eye.L",
        "GEO-body_female_stylized.eye.R"
      ]
    },
    {
      "name": "Body Male - Primitve (Realistic)",
      "author": "Paul Kotelevets, Julien Kaspar",
      "description": "Simple objects with subdivision modifiers. Easy for design sculpting and remeshing",
      "license": "CC0",
      "copyright": "",
      "objects": [
        "GEO-leg_lower_male_primitive_realistic.L",
        "GEO-leg_upper_male_primitive_realistic.L",
        "GEO-belly_male_primitive_realistic",
        "GEO-teo_big_male_primitive_realistic.L",
        "GEO-shoulder_male_primitive_realistic.L",
        "GEO-finger_ring_male_primitive_realistic.L",
        "GEO-arm_lower_male_primitive_realistic.L",
        "GEO-hand_male_primitive_realistic.L",
        "GEO-chest_male_primitive_realistic",
        "GEO-arm_upper_male_primitive_realistic.L",
        "GEO-pelvis_male_primitive_realistic",
        "GEO-neck_male_primitive_realistic",
        "GEO-head_male_primitive_realistic",
        "GEO-eye_male_primitive_realistic.L",
        "GEO-nose_bridge_male_primitive_realistic",
        "GEO-ear_male_primitive_realistic.L",
        "GEO-eyelid_lower_male_primitive_realistic.L",
        "GEO-eyelid_upper_male_primitive_realistic.L",
        "GEO-nose_male_primitive_realistic",
        "GEO-finger_pinky_male_primitive_realistic.L",
        "GEO-thumb_male_primitive_realistic.L",
        "GEO-finger_index_male_primitive_realistic.L",
        "GEO-finger_middle_male_primitive_realistic.L",
        "GEO-toe_index_male_primitive_realistic.L",
        "GEO-toe_ring_male_primitive_realistic.L",
        "GEO-toe_pinky_male_primitive_realistic.L",
        "GEO-toe_middle_male_primitive_realistic.L",
        "GEO-foot.005_male_primitive_realistic.L",
        "GEO-leg_lower_male_primitive_realistic.R",
        "GEO-leg_upper_male_primitive_realistic.R",
        "GEO-teo_big_male_primitive_realistic.R",
        "GEO-shoulder_male_primitive_realistic.R",
        "GEO-finger_ring_male_primitive_realistic.R",
        "GEO-arm_lower_male_primitive_realistic.R",
        "GEO-hand_male_primitive_realistic.R",
        "GEO-arm_upper_male_primitive_realistic.R",
        "GEO-eye_male_primitive_realistic.R",
        "GEO-ear_male_primitive_realistic.R",
        "GEO-eyelid_lower_male_primitive_realistic.R",
        "GEO-eyelid_upper_male_primitive_realistic.R",
        "GEO-finger_pinky_male_primitive_realistic.R",
        "GEO-thumb_male_primitive_realistic.R",
        "GEO-finger_index_male_primitive_realistic.R",
        "GEO-finger_middle_male_primitive_realistic.R",
        "GEO-toe_index_male_primitive_realistic.R",
        "GEO-toe_ring_male_primitive_realistic.R",
        "GEO-toe_pinky_male_primitive_realistic.R",
        "GEO-toe_middle_male_primitive_realistic.R",
        "GEO-foot.005_male_primitive_realistic.R"
      ]
    },
    {
      "name": "Body Male - Primitve (Stylized)",
      "author": "Paul Kotelevets",
      "description": "Simple objects with subdivision modifiers. Easy for design sculpting and remeshing",
      "license": "CC0",
      "copyright": "",
      "objects": [
        "GEO-neck_male_primitive_stylized",
        "GEO-shoulder_male_primitive_stylized.L",
        "GEO-belly_male_primitive_stylized",
        "GEO-leg_upper_male_primitive_stylized.L",
        "GEO-hand_male_primitive_stylized.L",
        "GEO-arm_lower_male_primitive_stylized.L",
        "GEO-toe_big_male_primitive_stylized.L",
        "GEO-leg_lower_male_primitive_stylized.L",
        "GEO-chest_male_primitive_stylized",
        "GEO-arm_upper_male_primitive_stylized.L",
        "GEO-finger_ring_male_primitive_stylized.L",
        "GEO-head_male_primitive_stylized",
        "GEO-eyelid_upper_male_primitive_stylized.L",
        "GEO-eye_male_primitive_stylized.L",
        "GEO-nose_bridge_male_primitive_stylized",
        "GEO-ear_male_primitive_stylized.L",
        "GEO-eyelid_lower_male_primitive_stylized.L",
        "GEO-nose_male_primitive_stylized",
        "GEO-finger_pinky_male_primitive_stylized.L",
        "GEO-thumb_male_primitive_stylized.L",
        "GEO-finger_index_male_primitive_stylized.L",
        "GEO-finger_middle_male_primitive_stylized.L",
        "GEO-toe_index_male_primitive_stylized.L",
        "GEO-toe_middle_male_primitive_stylized.L",
        "GEO-toe_ring_male_primitive_stylized.L",
        "GEO-toe_pinky_male_primitive_stylized.L",
        "GEO-foot_male_primitive_stylized.L",
        "GEO-pelvis_male_primitive_stylized",
        "GEO-eyelid_upper_male_primitive_stylized.R",
        "GEO-eye_male_primitive_stylized.R",
        "GEO-ear_male_primitive_stylized.R",
        "GEO-eyelid_lower_male_primitive_stylized.R",
        "GEO-shoulder_male_primitive_stylized.R",
        "GEO-hand_male_primitive_stylized.R",
        "GEO-arm_lower_male_primitive_stylized.R",
        "GEO-arm_upper_male_primitive_stylized.R",
        "GEO-finger_ring_male_primitive_stylized.R",
        "GEO-finger_pinky_male_primitive_stylized.R",
        "GEO-thumb_male_primitive_stylized.R",
        "GEO-finger_index_male_primitive_stylized.R",
        "GEO-finger_middle_male_primitive_stylized.R",
        "GEO-leg_upper_male_primitive_stylized.R",
        "GEO-toe_big_male_primitive_stylized.R",
        "GEO-leg_lower_male_primitive_stylized.R",
        "GEO-toe_index_male_primitive_stylized.R",
        "GEO-toe_middle_male_primitive_stylized.R",
        "GEO-toe_ring_male_primitive_stylized.R",
        "GEO-toe_pinky_male_primitive_stylized.R",
        "GEO-foot_male_primitive_stylized.R"
      ]
    },
    {
      "name": "Body Male - Realistic",
      "author": "Dan Ulrich",
      "description": "Realistic scan data model with multiresolution details",
      "license": "CC0",
      "copyright": "",
      "objects": [
        "GEO-body_male_realistic",
        "GEO-body_male_realistic.eye.L",
        "GEO-body_male_realistic.eye.R"
      ]
    },
    {
      "name": "Body Male - Stylized",
      "author": "Julien Kaspar",
      "description": "Generic stylized topology. Based on the open source character \"Snow\"",
      "license": "CC0",
      "copyright": "",
      "objects": [
        "GEO-body_male_stylized",
        "GEO-body_male_stylized.eye.L",
        "GEO-body_male_stylized.eye.R"
      ]
    },
    {
      "name": "cams",
      "objects": [
        "stylized_head",
        "planar_skull",
        "realistic_head_animation",
        "realistic_body_emale",
        "stylized_body_male",
        "stylized_body_female",
        "realistic_head_sculpting",
        "realistic_body_male",
        "realistic_jaw",
        "realistic_eye",
        "realistic_hand",
        "realistic_foot",
        "realistic_skull",
        "stylized_jaw",
        "stylized_eye",
        "stylized_hand",
        "stylized_foot",
        "primitive_body_female_stylized",
        "primitive_body_male_stylized",
        "primitive_body_female_realistic",
        "primitive_body_male_realistic",
        "primitive_head_realistic",
        "primitive_head_generic",
        "planar_head",
        "realisitc_skeleton"
      ]
    },
    {
      "name": "Head (Animation) - Realistic",
      "author": "Dan Ulrich",
      "description": "Realistic scan data model with multiresolution details. Topology optimized for rigging and animation",
      "license": "CC0",
      "copyright": "",
      "objects": [
        "GEO-head_animation_realistic",
        "GEO-head_animation_realistic.iris.L",
        "GEO-head_animation_realistic.iris.R",
        "GEO-head_animation_realistic.sclera.L",
        "GEO-head_animation_realistic.sclera.R"
      ]
    },
    {
      "name": "Head (Sculpting) - Realistic",
      "author": "Dan Ulrich",
      "description": "Realistic scan data model with multiresolution details. Topology is optimized for multiresolution sculpting",
      "license": "CC0",
      "copyright": "",
      "objects": [
        "GEO-head_sculpting_realistic",
        "GEO-head_sculpting_realistic.iris.R",
        "GEO-head_sculpting_realistic.sclera.L",
        "GEO-head_sculpting_realistic.sclera.R",
        "GEO-head_sculpting_realistic.iris.L"
      ]
    },
    {
      "name": "Head - Primitives",
      "author": "Paul Kotelevets, Julien Kaspar",
      "description": "Simple objects with subdivision modifiers. Easy for design sculpting and remeshing",
      "license": "CC0",
      "copyright": "",
      "objects": [
        "GEO-head_primitve",
        "GEO-eye_primitve.L",
        "GEO-nose_bridge_primitve",
        "GEO-eyelid_lower_primitve.L",
        "GEO-eyelid_upper_primitve.L",
        "GEO-nose_primitve",
        "GEO-eye_primitve.R",
        "GEO-ear_primitve.R",
        "GEO-eyelid_lower_primitve.R",
        "GEO-eyelid_upper_primitve.R",
        "GEO-ear_primitve.L"
      ]
    },
    {
      "name": "Head - Stylized",
      "author": "Julien Kaspar",
      "description": "Generic stylized head topology",
      "license": "CC0",
      "copyright": "",
      "objects": [
        "GEO-head_stylized",
        "GEO-head_stylized.eye.L",
        "GEO-head_stylized.eye.R"
      ]
    },
    {
      "name": "Human Base Meshes",
      "objects": [
        "Eye - Realistic",
        "Skull - Realistic",
        "Jaw - Realistic",
        "Hand  - Realistic",
        "Foot - Realistic",
        "GEO-body_male_realistic",
        "GEO-body_male_realistic.eye.L",
        "GEO-body_male_realistic.eye.R",
        "GEO-body_female_realistic",
        "GEO-body_female_realistic.eye.L",
        "GEO-body_female_realistic.eye.R",
        "GEO-head_animation_realistic",
        "GEO-head_animation_realistic.iris.L",
        "GEO-head_animation_realistic.iris.R",
        "GEO-head_animation_realistic.sclera.L",
        "GEO-head_animation_realistic.sclera.R",
        "GEO-head_sculpting_realistic",
        "GEO-head_sculpting_realistic.iris.R",
        "GEO-head_sculpting_realistic.sclera.L",
        "GEO-head_sculpting_realistic.sclera.R",
        "GEO-head_sculpting_realistic.iris.L",
        "GEO-skeletion.spine_lumbar_l5",
        "GEO-skeletion.metacarpal.thumb.L",
        "GEO-skeletion.foot_talus.L",
        "GEO-skeletion.middle.index.L",
        "GEO-skeletion.middle.little.L",
        "GEO-skeletion.middle.ring.L",
        "GEO-skeletion.middle.middle.L",
        "GEO-skeletion.foot_center.L",
        "GEO-skeletion.metatarsal.1.L",
        "GEO-skeletion.spine_thoracic_9",
        "GEO-skeletion.spine_thoracic_8",
        "GEO-skeletion.spine_thoracic_6",
        "GEO-skeletion.spine_thoracic_7",
        "GEO-skeletion.spine_thoracic_2",
        "GEO-skeletion.spine_thoracic_t3",
        "GEO-skeletion.spine_thoracic_4",
        "GEO-skeletion.spine_thoracic_5",
        "GEO-skeletion.leg_femur.L",
        "GEO-skeletion.spine_cervical_c7",
        "GEO-skeletion.spine_cervical_c3",
        "GEO-skeletion.spine_cervical_c4",
        "GEO-skeletion.spine_cervical_c5",
        "GEO-skeletion.spine_cervical_c6",
        "GEO-skeletion.spine_thoracic_t1",
        "GEO-skeletion.spine_thoracic_10",
        "GEO-skeletion.distal.thumb.L",
        "GEO-skeletion.distal.index.L",
        "GEO-skeletion.distal.little.L",
        "GEO-skeletion.distal.ring.L",
        "GEO-skeletion.distal.middle.L",
        "GEO-skeletion.metacarpal.index.L",
        "GEO-skeletion.metacarpal.little.L",
        "GEO-skeletion.metacarpal.ring.L",
        "GEO-skeletion.metacarpal.middle.L",
        "GEO-skeletion.middle.5.L",
        "GEO-skeletion.middle.4.L",
        "GEO-skeletion.middle.3.L",
        "GEO-skeletion.middle.2.L",
        "GEO-skeletion.metatarsal.2.L",
        "GEO-skeletion.metatarsal.5.L",
        "GEO-skeletion.distal.5.L",
        "GEO-skeletion.distal.4.L",
        "GEO-skeletion.distal.3.L",
        "GEO-skeletion.distal.2.L",
        "GEO-skeletion.hip",
        "GEO-skeletion.proximal.thumb.L",
        "GEO-skeletion.proximal.index.L",
        "GEO-skeletion.proximal.little.L",
        "GEO-skeletion.proximal.ring.L",
        "GEO-skeletion.proximal.middle.L",
        "GEO-skeletion.spine_lumbar_l4.5",
        "GEO-skeletion.spine_lumbar_l3.5",
        "GEO-skeletion.spine_lumbar_l2.5",
        "GEO-skeletion.spine_lumbar_l1.5",
        "GEO-skeletion.proximal.5.L",
        "GEO-skeletion.proximal.4.L",
        "GEO-skeletion.proximal.3.L",
        "GEO-skeletion.proximal.2.L",
        "GEO-skeletion.spine_lumbar_l3",
        "GEO-skeletion.spine_lumbar_l2",
        "GEO-skeletion.spine_lumbar_l1",
        "GEO-skeletion.metatarsal.4.L",
        "GEO-skeletion.metatarsal.3.L",
        "GEO-skeletion.hand_center.L",
        "GEO-skeletion.arm_humerus.L",
        "GEO-skeletion.leg_fibula.L",
        "GEO-skeletion.spine_cervical_c1",
        "GEO-skeletion.spine_cervical_c2",
        "GEO-skeletion.spine_thoracic_t12",
        "GEO-skeletion.spine_thoracic_t11",
        "GEO-skeletion.spine_lumbar_l4",
        "GEO-skeletion.ripcage",
        "GEO-skeletion.shoulder_scapula.L",
        "GEO-skeletion.skull",
        "GEO-skeletion.arm_radius.L",
        "GEO-skeletion.proximal.1.L",
        "GEO-skeletion.distal.1.L",
        "GEO-skeletion.clavicle.L",
        "GEO-skeletion.leg_tibula.L",
        "GEO-skeletion.sacral",
        "GEO-skeletion.coccygeal",
        "GEO-skeletion.arm_ulna.L",
        "GEO-skeletion.foot_calcaneus.L",
        "GEO-skeletion.leg_patella.L",
        "GEO-skeletion.metacarpal.thumb.R",
        "GEO-skeletion.foot_talus.R",
        "GEO-skeletion.middle.index.R",
        "GEO-skeletion.middle.little.R",
        "GEO-skeletion.middle.ring.R",
        "GEO-skeletion.middle.middle.R",
        "GEO-skeletion.foot_center.R",
        "GEO-skeletion.metatarsal.1.R",
        "GEO-skeletion.leg_femur.R",
        "GEO-skeletion.distal.thumb.R",
        "GEO-skeletion.distal.index.R",
        "GEO-skeletion.distal.little.R",
        "GEO-skeletion.distal.ring.R",
        "GEO-skeletion.distal.middle.R",
        "GEO-skeletion.metacarpal.index.R",
        "GEO-skeletion.metacarpal.little.R",
        "GEO-skeletion.metacarpal.ring.R",
        "GEO-skeletion.metacarpal.middle.R",
        "GEO-skeletion.middle.5.R",
        "GEO-skeletion.middle.4.R",
        "GEO-skeletion.middle.3.R",
        "GEO-skeletion.middle.2.R",
        "GEO-skeletion.metatarsal.2.R",
        "GEO-skeletion.metatarsal.5.R",
        "GEO-skeletion.distal.5.R",
        "GEO-skeletion.distal.4.R",
        "GEO-skeletion.distal.3.R",
        "GEO-skeletion.distal.2.R",
        "GEO-skeletion.proximal.thumb.R",
        "GEO-skeletion.proximal.index.R",
        "GEO-skeletion.proximal.little.R",
        "GEO-skeletion.proximal.ring.R",
        "GEO-skeletion.proximal.middle.R",
        "GEO-skeletion.proximal.5.R",
        "GEO-skeletion.proximal.4.R",
        "GEO-skeletion.proximal.3.R",
        "GEO-skeletion.proximal.2.R",
        "GEO-skeletion.metatarsal.4.R",
        "GEO-skeletion.metatarsal.3.R",
        "GEO-skeletion.hand_center.R",
        "GEO-skeletion.arm_humerus.R",
        "GEO-skeletion.leg_fibula.R",
        "GEO-skeletion.shoulder_scapula.R",
        "GEO-skeletion.arm_radius.R",
        "GEO-skeletion.proximal.1.R",
        "GEO-skeletion.distal.1.R",
        "GEO-skeletion.clavicle.R",
        "GEO-skeletion.leg_tibula.R",
        "GEO-skeletion.arm_ulna.R",
        "GEO-skeletion.foot_calcaneus.R",
        "GEO-skeletion.leg_patella.R",
        "Skull - Planar",
        "Head - Planar",
        "Eye - Stylized",
        "Foot - Stylized ",
        "Hand - Stylized ",
        "Jaw - Stylized ",
        "GEO-body_male_stylized",
        "GEO-body_male_stylized.eye.L",
        "GEO-body_male_stylized.eye.R",
        "GEO-body_female_stylized",
        "GEO-body_female_stylized.eye.L",
        "GEO-body_female_stylized.eye.R",
        "GEO-head_stylized",
        "GEO-head_stylized.eye.L",
        "GEO-head_stylized.eye.R",
        "Head - Generic Topology",
        "GEO-neck_male_primitive_stylized",
        "GEO-shoulder_male_primitive_stylized.L",
        "GEO-belly_male_primitive_stylized",
        "GEO-leg_upper_male_primitive_stylized.L",
        "GEO-hand_male_primitive_stylized.L",
        "GEO-arm_lower_male_primitive_stylized.L",
        "GEO-toe_big_male_primitive_stylized.L",
        "GEO-leg_lower_male_primitive_stylized.L",
        "GEO-chest_male_primitive_stylized",
        "GEO-arm_upper_male_primitive_stylized.L",
        "GEO-finger_ring_male_primitive_stylized.L",
        "GEO-head_male_primitive_stylized",
        "GEO-eyelid_upper_male_primitive_stylized.L",
        "GEO-eye_male_primitive_stylized.L",
        "GEO-nose_bridge_male_primitive_stylized",
        "GEO-ear_male_primitive_stylized.L",
        "GEO-eyelid_lower_male_primitive_stylized.L",
        "GEO-nose_male_primitive_stylized",
        "GEO-finger_pinky_male_primitive_stylized.L",
        "GEO-thumb_male_primitive_stylized.L",
        "GEO-finger_index_male_primitive_stylized.L",
        "GEO-finger_middle_male_primitive_stylized.L",
        "GEO-toe_index_male_primitive_stylized.L",
        "GEO-toe_middle_male_primitive_stylized.L",
        "GEO-toe_ring_male_primitive_stylized.L",
        "GEO-toe_pinky_male_primitive_stylized.L",
        "GEO-foot_male_primitive_stylized.L",
        "GEO-pelvis_male_primitive_stylized",
        "GEO-eyelid_upper_male_primitive_stylized.R",
        "GEO-eye_male_primitive_stylized.R",
        "GEO-ear_male_primitive_stylized.R",
        "GEO-eyelid_lower_male_primitive_stylized.R",
        "GEO-shoulder_male_primitive_stylized.R",
        "GEO-hand_male_primitive_stylized.R",
        "GEO-arm_lower_male_primitive_stylized.R",
        "GEO-arm_upper_male_primitive_stylized.R",
        "GEO-finger_ring_male_primitive_stylized.R",
        "GEO-finger_pinky_male_primitive_stylized.R",
        "GEO-thumb_male_primitive_stylized.R",
        "GEO-finger_index_male_primitive_stylized.R",
        "GEO-finger_middle_male_primitive_stylized.R",
        "GEO-leg_upper_male_primitive_stylized.R",
        "GEO-toe_big_male_primitive_stylized.R",
        "GEO-leg_lower_male_primitive_stylized.R",
        "GEO-toe_index_male_primitive_stylized.R",
        "GEO-toe_middle_male_primitive_stylized.R",
        "GEO-toe_ring_male_primitive_stylized.R",
        "GEO-toe_pinky_male_primitive_stylized.R",
        "GEO-foot_male_primitive_stylized.R",
        "GEO-neck_female_primitive_stylized",
        "GEO-leg_upper_female_primitive_stylized.L",
        "GEO-breast_female_primitive_stylized.L",
        "GEO-shoulder_female_primitive_stylized.L",
        "GEO-arm_upper_female_primitive_stylized.L",
        "GEO-toe_big_female_primitive_stylized.L",
        "GEO-pelvis_female_primitive_stylized",
        "GEO-hand_female_primitive_stylized.L",
        "GEO-belly_female_primitive_stylized",
        "GEO-leg_lower_female_primitive_stylized.L",
        "GEO-chest_female_primitive_stylized",
        "GEO-finger_ring_female_primitive_stylized.L",
        "GEO-arm_lower_female_primitive_stylized.L",
        "GEO-head_female_primitive_stylized",
        "GEO-nose_bridge_female_primitive_stylized",
        "GEO-eye_female_primitive_stylized.L",
        "GEO-eyelid_upper_female_primitive_stylized.L",
        "GEO-eyelid_lower_female_primitive_stylized.L",
        "GEO-nose_female_primitive_stylized",
        "GEO-finger_middle_female_primitive_stylized.L",
        "GEO-thumb_female_primitive_stylized.L",
        "GEO-finger_index_female_primitive_stylized.L",
        "GEO-finger_pinky_female_primitive_stylized.L",
        "GEO-toe_index_female_primitive_stylized.L",
        "GEO-toe_middle_female_primitive_stylized.L",
        "GEO-toe_ring_female_primitive_stylized.L",
        "GEO-toe_pinky_female_primitive_stylized.L",
        "GEO-foot_female_primitive_stylized.L",
        "GEO-ear_female_primitive_stylized.L",
        "GEO-breast_female_primitive_stylized.R",
        "GEO-eye_female_primitive_stylized.R",
        "GEO-eyelid_upper_female_primitive_stylized.R",
        "GEO-eyelid_lower_female_primitive_stylized.R",
        "GEO-ear_female_primitive_stylized.R",
        "GEO-leg_upper_female_primitive_stylized.R",
        "GEO-shoulder_female_primitive_stylized.R",
        "GEO-arm_upper_female_primitive_stylized.R",
        "GEO-toe_big_female_primitive_stylized.R",
        "GEO-hand_female_primitive_stylized.R",
        "GEO-leg_lower_female_primitive_stylized.R",
        "GEO-finger_ring_female_primitive_stylized.R",
        "GEO-arm_lower_female_primitive_stylized.R",
        "GEO-finger_middle_female_primitive_stylized.R",
        "GEO-thumb_female_primitive_stylized.R",
        "GEO-finger_index_female_primitive_stylized.R",
        "GEO-finger_pinky_female_primitive_stylized.R",
        "GEO-toe_index_female_primitive_stylized.R",
        "GEO-toe_middle_female_primitive_stylized.R",
        "GEO-toe_ring_female_primitive_stylized.R",
        "GEO-toe_pinky_female_primitive_stylized.R",
        "GEO-foot_female_primitive_stylized.R",
        "GEO-breasts_primitive_female_realistic",
        "GEO-leg_lower_primitive_female_realistic.L",
        "GEO-leg_upper_primitive_female_realistic.L",
        "GEO-belly_primitive_female_realistic",
        "GEO-toe_big_primitive_female_realistic.L",
        "GEO-shoulder_primitive_female_realistic.L",
        "GEO-finger_ring_primitive_female_realistic.L",
        "GEO-arm_lower_primitive_female_realistic.L",
        "GEO-hand_primitive_female_realistic.L",
        "GEO-chest_primitive_female_realistic",
        "GEO-arm_upper_primitive_female_realistic.L",
        "GEO-pelvis_female_primitive_realistic",
        "GEO-neck_primitive_female_realistic",
        "GEO-head_primitive_female_realistic",
        "GEO-eye_primitve_female_realistic.L",
        "GEO-nose_bridge_primitve_female_realistic",
        "GEO-ear_primitve_female_realistic.L",
        "GEO-eyelid_lower_primitve_female_realistic.L",
        "GEO-eyelid_upper_primitve_female_realistic.L",
        "GEO-nose_primitve_female_realistic",
        "GEO-finger_pinky_primitive_female_realistic.L",
        "GEO-thumb_primitive_female_realistic.L",
        "GEO-finger_index_primitive_female_realistic.L",
        "GEO-finger_middle_primitive_female_realistic.L",
        "GEO-toe_index_primitive_female_realistic.L",
        "GEO-toe_ring_primitive_female_realistic.L",
        "GEO-toe_pinky_primitive_female_realistic.L",
        "GEO-toe_middle_primitive_female_realistic.L",
        "GEO-foot_primitive_female_realistic.L",
        "GEO-leg_lower_primitive_female_realistic.R",
        "GEO-leg_upper_primitive_female_realistic.R",
        "GEO-toe_big_primitive_female_realistic.R",
        "GEO-eye_primitve_female_realistic.R",
        "GEO-ear_primitve_female_realistic.R",
        "GEO-eyelid_lower_primitve_female_realistic.R",
        "GEO-eyelid_upper_primitve_female_realistic.R",
        "GEO-toe_index_primitive_female_realistic.R",
        "GEO-toe_ring_primitive_female_realistic.R",
        "GEO-toe_pinky_primitive_female_realistic.R",
        "GEO-toe_middle_primitive_female_realistic.R",
        "GEO-foot_primitive_female_realistic.R",
        "GEO-shoulder_primitive_female_realistic.R",
        "GEO-finger_ring_primitive_female_realistic.R",
        "GEO-arm_lower_primitive_female_realistic.R",
        "GEO-hand_primitive_female_realistic.R",
        "GEO-arm_upper_primitive_female_realistic.R",
        "GEO-finger_pinky_primitive_female_realistic.R",
        "GEO-thumb_primitive_female_realistic.R",
        "GEO-finger_index_primitive_female_realistic.R",
        "GEO-finger_middle_primitive_female_realistic.R",
        "GEO-leg_lower_male_primitive_realistic.L",
        "GEO-leg_upper_male_primitive_realistic.L",
        "GEO-belly_male_primitive_realistic",
        "GEO-teo_big_male_primitive_realistic.L",
        "GEO-shoulder_male_primitive_realistic.L",
        "GEO-finger_ring_male_primitive_realistic.L",
        "GEO-arm_lower_male_primitive_realistic.L",
        "GEO-hand_male_primitive_realistic.L",
        "GEO-chest_male_primitive_realistic",
        "GEO-arm_upper_male_primitive_realistic.L",
        "GEO-pelvis_male_primitive_realistic",
        "GEO-neck_male_primitive_realistic",
        "GEO-head_male_primitive_realistic",
        "GEO-eye_male_primitive_realistic.L",
        "GEO-nose_bridge_male_primitive_realistic",
        "GEO-ear_male_primitive_realistic.L",
        "GEO-eyelid_lower_male_primitive_realistic.L",
        "GEO-eyelid_upper_male_primitive_realistic.L",
        "GEO-nose_male_primitive_realistic",
        "GEO-finger_pinky_male_primitive_realistic.L",
        "GEO-thumb_male_primitive_realistic.L",
        "GEO-finger_index_male_primitive_realistic.L",
        "GEO-finger_middle_male_primitive_realistic.L",
        "GEO-toe_index_male_primitive_realistic.L",
        "GEO-toe_ring_male_primitive_realistic.L",
        "GEO-toe_pinky_male_primitive_realistic.L",
        "GEO-toe_middle_male_primitive_realistic.L",
        "GEO-foot.005_male_primitive_realistic.L",
        "GEO-leg_lower_male_primitive_realistic.R",
        "GEO-leg_upper_male_primitive_realistic.R",
        "GEO-teo_big_male_primitive_realistic.R",
        "GEO-shoulder_male_primitive_realistic.R",
        "GEO-finger_ring_male_primitive_realistic.R",
        "GEO-arm_lower_male_primitive_realistic.R",
        "GEO-hand_male_primitive_realistic.R",
        "GEO-arm_upper_male_primitive_realistic.R",
        "GEO-eye_male_primitive_realistic.R",
        "GEO-ear_male_primitive_realistic.R",
        "GEO-eyelid_lower_male_primitive_realistic.R",
        "GEO-eyelid_upper_male_primitive_realistic.R",
        "GEO-finger_pinky_male_primitive_realistic.R",
        "GEO-thumb_male_primitive_realistic.R",
        "GEO-finger_index_male_primitive_realistic.R",
        "GEO-finger_middle_male_primitive_realistic.R",
        "GEO-toe_index_male_primitive_realistic.R",
        "GEO-toe_ring_male_primitive_realistic.R",
        "GEO-toe_pinky_male_primitive_realistic.R",
        "GEO-toe_middle_male_primitive_realistic.R",
        "GEO-foot.005_male_primitive_realistic.R",
        "GEO-head_primitve",
        "GEO-eye_primitve.L",
        "GEO-nose_bridge_primitve",
        "GEO-eyelid_lower_primitve.L",
        "GEO-eyelid_upper_primitve.L",
        "GEO-nose_primitve",
        "GEO-eye_primitve.R",
        "GEO-ear_primitve.R",
        "GEO-eyelid_lower_primitve.R",
        "GEO-eyelid_upper_primitve.R",
        "GEO-ear_primitve.L"
      ]
    },
    {
      "name": "Planar",
      "objects": [
        "Skull - Planar",
        "Head - Planar"
      ]
    },
    {
      "name": "Primitves",
      "objects": [
        "Head - Generic Topology",
        "GEO-neck_male_primitive_stylized",
        "GEO-shoulder_male_primitive_stylized.L",
        "GEO-belly_male_primitive_stylized",
        "GEO-leg_upper_male_primitive_stylized.L",
        "GEO-hand_male_primitive_stylized.L",
        "GEO-arm_lower_male_primitive_stylized.L",
        "GEO-toe_big_male_primitive_stylized.L",
        "GEO-leg_lower_male_primitive_stylized.L",
        "GEO-chest_male_primitive_stylized",
        "GEO-arm_upper_male_primitive_stylized.L",
        "GEO-finger_ring_male_primitive_stylized.L",
        "GEO-head_male_primitive_stylized",
        "GEO-eyelid_upper_male_primitive_stylized.L",
        "GEO-eye_male_primitive_stylized.L",
        "GEO-nose_bridge_male_primitive_stylized",
        "GEO-ear_male_primitive_stylized.L",
        "GEO-eyelid_lower_male_primitive_stylized.L",
        "GEO-nose_male_primitive_stylized",
        "GEO-finger_pinky_male_primitive_stylized.L",
        "GEO-thumb_male_primitive_stylized.L",
        "GEO-finger_index_male_primitive_stylized.L",
        "GEO-finger_middle_male_primitive_stylized.L",
        "GEO-toe_index_male_primitive_stylized.L",
        "GEO-toe_middle_male_primitive_stylized.L",
        "GEO-toe_ring_male_primitive_stylized.L",
        "GEO-toe_pinky_male_primitive_stylized.L",
        "GEO-foot_male_primitive_stylized.L",
        "GEO-pelvis_male_primitive_stylized",
        "GEO-eyelid_upper_male_primitive_stylized.R",
        "GEO-eye_male_primitive_stylized.R",
        "GEO-ear_male_primitive_stylized.R",
        "GEO-eyelid_lower_male_primitive_stylized.R",
        "GEO-shoulder_male_primitive_stylized.R",
        "GEO-hand_male_primitive_stylized.R",
        "GEO-arm_lower_male_primitive_stylized.R",
        "GEO-arm_upper_male_primitive_stylized.R",
        "GEO-finger_ring_male_primitive_stylized.R",
        "GEO-finger_pinky_male_primitive_stylized.R",
        "GEO-thumb_male_primitive_stylized.R",
        "GEO-finger_index_male_primitive_stylized.R",
        "GEO-finger_middle_male_primitive_stylized.R",
        "GEO-leg_upper_male_primitive_stylized.R",
        "GEO-toe_big_male_primitive_stylized.R",
        "GEO-leg_lower_male_primitive_stylized.R",
        "GEO-toe_index_male_primitive_stylized.R",
        "GEO-toe_middle_male_primitive_stylized.R",
        "GEO-toe_ring_male_primitive_stylized.R",
        "GEO-toe_pinky_male_primitive_stylized.R",
        "GEO-foot_male_primitive_stylized.R",
        "GEO-neck_female_primitive_stylized",
        "GEO-leg_upper_female_primitive_stylized.L",
        "GEO-breast_female_primitive_stylized.L",
        "GEO-shoulder_female_primitive_stylized.L",
        "GEO-arm_upper_female_primitive_stylized.L",
        "GEO-toe_big_female_primitive_stylized.L",
        "GEO-pelvis_female_primitive_stylized",
        "GEO-hand_female_primitive_stylized.L",
        "GEO-belly_female_primitive_stylized",
        "GEO-leg_lower_female_primitive_stylized.L",
        "GEO-chest_female_primitive_stylized",
        "GEO-finger_ring_female_primitive_stylized.L",
        "GEO-arm_lower_female_primitive_stylized.L",
        "GEO-head_female_primitive_stylized",
        "GEO-nose_bridge_female_primitive_stylized",
        "GEO-eye_female_primitive_stylized.L",
        "GEO-eyelid_upper_female_primitive_stylized.L",
        "GEO-eyelid_lower_female_primitive_stylized.L",
        "GEO-nose_female_primitive_stylized",
        "GEO-finger_middle_female_primitive_stylized.L",
        "GEO-thumb_female_primitive_stylized.L",
        "GEO-finger_index_female_primitive_stylized.L",
        "GEO-finger_pinky_female_primitive_stylized.L",
        "GEO-toe_index_female_primitive_stylized.L",
        "GEO-toe_middle_female_primitive_stylized.L",
        "GEO-toe_ring_female_primitive_stylized.L",
        "GEO-toe_pinky_female_primitive_stylized.L",
        "GEO-foot_female_primitive_stylized.L",
        "GEO-ear_female_primitive_stylized.L",
        "GEO-breast_female_primitive_stylized.R",
        "GEO-eye_female_primitive_stylized.R",
        "GEO-eyelid_upper_female_primitive_stylized.R",
        "GEO-eyelid_lower_female_primitive_stylized.R",
        "GEO-ear_female_primitive_stylized.R",
        "GEO-leg_upper_female_primitive_stylized.R",
        "GEO-shoulder_female_primitive_stylized.R",
        "GEO-arm_upper_female_primitive_stylized.R",
        "GEO-toe_big_female_primitive_stylized.R",
        "GEO-hand_female_primitive_stylized.R",
        "GEO-leg_lower_female_primitive_stylized.R",
        "GEO-finger_ring_female_primitive_stylized.R",
        "GEO-arm_lower_female_primitive_stylized.R",
        "GEO-finger_middle_female_primitive_stylized.R",
        "GEO-thumb_female_primitive_stylized.R",
        "GEO-finger_index_female_primitive_stylized.R",
        "GEO-finger_pinky_female_primitive_stylized.R",
        "GEO-toe_index_female_primitive_stylized.R",
        "GEO-toe_middle_female_primitive_stylized.R",
        "GEO-toe_ring_female_primitive_stylized.R",
        "GEO-toe_pinky_female_primitive_stylized.R",
        "GEO-foot_female_primitive_stylized.R",
        "GEO-breasts_primitive_female_realistic",
        "GEO-leg_lower_primitive_female_realistic.L",
        "GEO-leg_upper_primitive_female_realistic.L",
        "GEO-belly_primitive_female_realistic",
        "GEO-toe_big_primitive_female_realistic.L",
        "GEO-shoulder_primitive_female_realistic.L",
        "GEO-finger_ring_primitive_female_realistic.L",
        "GEO-arm_lower_primitive_female_realistic.L",
        "GEO-hand_primitive_female_realistic.L",
        "GEO-chest_primitive_female_realistic",
        "GEO-arm_upper_primitive_female_realistic.L",
        "GEO-pelvis_female_primitive_realistic",
        "GEO-neck_primitive_female_realistic",
        "GEO-head_primitive_female_realistic",
        "GEO-eye_primitve_female_realistic.L",
        "GEO-nose_bridge_primitve_female_realistic",
        "GEO-ear_primitve_female_realistic.L",
        "GEO-eyelid_lower_primitve_female_realistic.L",
        "GEO-eyelid_upper_primitve_female_realistic.L",
        "GEO-nose_primitve_female_realistic",
        "GEO-finger_pinky_primitive_female_realistic.L",
        "GEO-thumb_primitive_female_realistic.L",
        "GEO-finger_index_primitive_female_realistic.L",
        "GEO-finger_middle_primitive_female_realistic.L",
        "GEO-toe_index_primitive_female_realistic.L",
        "GEO-toe_ring_primitive_female_realistic.L",
        "GEO-toe_pinky_primitive_female_realistic.L",
        "GEO-toe_middle_primitive_female_realistic.L",
        "GEO-foot_primitive_female_realistic.L",
        "GEO-leg_lower_primitive_female_realistic.R",
        "GEO-leg_upper_primitive_female_realistic.R",
        "GEO-toe_big_primitive_female_realistic.R",
        "GEO-eye_primitve_female_realistic.R",
        "GEO-ear_primitve_female_realistic.R",
        "GEO-eyelid_lower_primitve_female_realistic.R",
        "GEO-eyelid_upper_primitve_female_realistic.R",
        "GEO-toe_index_primitive_female_realistic.R",
        "GEO-toe_ring_primitive_female_realistic.R",
        "GEO-toe_pinky_primitive_female_realistic.R",
        "GEO-toe_middle_primitive_female_realistic.R",
        "GEO-foot_primitive_female_realistic.R",
        "GEO-shoulder_primitive_female_realistic.R",
        "GEO-finger_ring_primitive_female_realistic.R",
        "GEO-arm_lower_primitive_female_realistic.R",
        "GEO-hand_primitive_female_realistic.R",
        "GEO-arm_upper_primitive_female_realistic.R",
        "GEO-finger_pinky_primitive_female_realistic.R",
        "GEO-thumb_primitive_female_realistic.R",
        "GEO-finger_index_primitive_female_realistic.R",
        "GEO-finger_middle_primitive_female_realistic.R",
        "GEO-leg_lower_male_primitive_realistic.L",
        "GEO-leg_upper_male_primitive_realistic.L",
        "GEO-belly_male_primitive_realistic",
        "GEO-teo_big_male_primitive_realistic.L",
        "GEO-shoulder_male_primitive_realistic.L",
        "GEO-finger_ring_male_primitive_realistic.L",
        "GEO-arm_lower_male_primitive_realistic.L",
        "GEO-hand_male_primitive_realistic.L",
        "GEO-chest_male_primitive_realistic",
        "GEO-arm_upper_male_primitive_realistic.L",
        "GEO-pelvis_male_primitive_realistic",
        "GEO-neck_male_primitive_realistic",
        "GEO-head_male_primitive_realistic",
        "GEO-eye_male_primitive_realistic.L",
        "GEO-nose_bridge_male_primitive_realistic",
        "GEO-ear_male_primitive_realistic.L",
        "GEO-eyelid_lower_male_primitive_realistic.L",
        "GEO-eyelid_upper_male_primitive_realistic.L",
        "GEO-nose_male_primitive_realistic",
        "GEO-finger_pinky_male_primitive_realistic.L",
        "GEO-thumb_male_primitive_realistic.L",
        "GEO-finger_index_male_primitive_realistic.L",
        "GEO-finger_middle_male_primitive_realistic.L",
        "GEO-toe_index_male_primitive_realistic.L",
        "GEO-toe_ring_male_primitive_realistic.L",
        "GEO-toe_pinky_male_primitive_realistic.L",
        "GEO-toe_middle_male_primitive_realistic.L",
        "GEO-foot.005_male_primitive_realistic.L",
        "GEO-leg_lower_male_primitive_realistic.R",
        "GEO-leg_upper_male_primitive_realistic.R",
        "GEO-teo_big_male_primitive_realistic.R",
        "GEO-shoulder_male_primitive_realistic.R",
        "GEO-finger_ring_male_primitive_realistic.R",
        "GEO-arm_lower_male_primitive_realistic.R",
        "GEO-hand_male_primitive_realistic.R",
        "GEO-arm_upper_male_primitive_realistic.R",
        "GEO-eye_male_primitive_realistic.R",
        "GEO-ear_male_primitive_realistic.R",
        "GEO-eyelid_lower_male_primitive_realistic.R",
        "GEO-eyelid_upper_male_primitive_realistic.R",
        "GEO-finger_pinky_male_primitive_realistic.R",
        "GEO-thumb_male_primitive_realistic.R",
        "GEO-finger_index_male_primitive_realistic.R",
        "GEO-finger_middle_male_primitive_realistic.R",
        "GEO-toe_index_male_primitive_realistic.R",
        "GEO-toe_ring_male_primitive_realistic.R",
        "GEO-toe_pinky_male_primitive_realistic.R",
        "GEO-toe_middle_male_primitive_realistic.R",
        "GEO-foot.005_male_primitive_realistic.R",
        "GEO-head_primitve",
        "GEO-eye_primitve.L",
        "GEO-nose_bridge_primitve",
        "GEO-eyelid_lower_primitve.L",
        "GEO-eyelid_upper_primitve.L",
        "GEO-nose_primitve",
        "GEO-eye_primitve.R",
        "GEO-ear_primitve.R",
        "GEO-eyelid_lower_primitve.R",
        "GEO-eyelid_upper_primitve.R",
        "GEO-ear_primitve.L"
      ]
    },
    {
      "name": "Realistic",
      "objects": [
        "Eye - Realistic",
        "Skull - Realistic",
        "Jaw - Realistic",
        "Hand  - Realistic",
        "Foot - Realistic",
        "GEO-body_male_realistic",
        "GEO-body_male_realistic.eye.L",
        "GEO-body_male_realistic.eye.R",
        "GEO-body_female_realistic",
        "GEO-body_female_realistic.eye.L",
        "GEO-body_female_realistic.eye.R",
        "GEO-head_animation_realistic",
        "GEO-head_animation_realistic.iris.L",
        "GEO-head_animation_realistic.iris.R",
        "GEO-head_animation_realistic.sclera.L",
        "GEO-head_animation_realistic.sclera.R",
        "GEO-head_sculpting_realistic",
        "GEO-head_sculpting_realistic.iris.R",
        "GEO-head_sculpting_realistic.sclera.L",
        "GEO-head_sculpting_realistic.sclera.R",
        "GEO-head_sculpting_realistic.iris.L",
        "GEO-skeletion.spine_lumbar_l5",
        "GEO-skeletion.metacarpal.thumb.L",
        "GEO-skeletion.foot_talus.L",
        "GEO-skeletion.middle.index.L",
        "GEO-skeletion.middle.little.L",
        "GEO-skeletion.middle.ring.L",
        "GEO-skeletion.middle.middle.L",
        "GEO-skeletion.foot_center.L",
        "GEO-skeletion.metatarsal.1.L",
        "GEO-skeletion.spine_thoracic_9",
        "GEO-skeletion.spine_thoracic_8",
        "GEO-skeletion.spine_thoracic_6",
        "GEO-skeletion.spine_thoracic_7",
        "GEO-skeletion.spine_thoracic_2",
        "GEO-skeletion.spine_thoracic_t3",
        "GEO-skeletion.spine_thoracic_4",
        "GEO-skeletion.spine_thoracic_5",
        "GEO-skeletion.leg_femur.L",
        "GEO-skeletion.spine_cervical_c7",
        "GEO-skeletion.spine_cervical_c3",
        "GEO-skeletion.spine_cervical_c4",
        "GEO-skeletion.spine_cervical_c5",
        "GEO-skeletion.spine_cervical_c6",
        "GEO-skeletion.spine_thoracic_t1",
        "GEO-skeletion.spine_thoracic_10",
        "GEO-skeletion.distal.thumb.L",
        "GEO-skeletion.distal.index.L",
        "GEO-skeletion.distal.little.L",
        "GEO-skeletion.distal.ring.L",
        "GEO-skeletion.distal.middle.L",
        "GEO-skeletion.metacarpal.index.L",
        "GEO-skeletion.metacarpal.little.L",
        "GEO-skeletion.metacarpal.ring.L",
        "GEO-skeletion.metacarpal.middle.L",
        "GEO-skeletion.middle.5.L",
        "GEO-skeletion.middle.4.L",
        "GEO-skeletion.middle.3.L",
        "GEO-skeletion.middle.2.L",
        "GEO-skeletion.metatarsal.2.L",
        "GEO-skeletion.metatarsal.5.L",
        "GEO-skeletion.distal.5.L",
        "GEO-skeletion.distal.4.L",
        "GEO-skeletion.distal.3.L",
        "GEO-skeletion.distal.2.L",
        "GEO-skeletion.hip",
        "GEO-skeletion.proximal.thumb.L",
        "GEO-skeletion.proximal.index.L",
        "GEO-skeletion.proximal.little.L",
        "GEO-skeletion.proximal.ring.L",
        "GEO-skeletion.proximal.middle.L",
        "GEO-skeletion.spine_lumbar_l4.5",
        "GEO-skeletion.spine_lumbar_l3.5",
        "GEO-skeletion.spine_lumbar_l2.5",
        "GEO-skeletion.spine_lumbar_l1.5",
        "GEO-skeletion.proximal.5.L",
        "GEO-skeletion.proximal.4.L",
        "GEO-skeletion.proximal.3.L",
        "GEO-skeletion.proximal.2.L",
        "GEO-skeletion.spine_lumbar_l3",
        "GEO-skeletion.spine_lumbar_l2",
        "GEO-skeletion.spine_lumbar_l1",
        "GEO-skeletion.metatarsal.4.L",
        "GEO-skeletion.metatarsal.3.L",
        "GEO-skeletion.hand_center.L",
        "GEO-skeletion.arm_humerus.L",
        "GEO-skeletion.leg_fibula.L",
        "GEO-skeletion.spine_cervical_c1",
        "GEO-skeletion.spine_cervical_c2",
        "GEO-skeletion.spine_thoracic_t12",
        "GEO-skeletion.spine_thoracic_t11",
        "GEO-skeletion.spine_lumbar_l4",
        "GEO-skeletion.ripcage",
        "GEO-skeletion.shoulder_scapula.L",
        "GEO-skeletion.skull",
        "GEO-skeletion.arm_radius.L",
        "GEO-skeletion.proximal.1.L",
        "GEO-skeletion.distal.1.L",
        "GEO-skeletion.clavicle.L",
        "GEO-skeletion.leg_tibula.L",
        "GEO-skeletion.sacral",
        "GEO-skeletion.coccygeal",
        "GEO-skeletion.arm_ulna.L",
        "GEO-skeletion.foot_calcaneus.L",
        "GEO-skeletion.leg_patella.L",
        "GEO-skeletion.metacarpal.thumb.R",
        "GEO-skeletion.foot_talus.R",
        "GEO-skeletion.middle.index.R",
        "GEO-skeletion.middle.little.R",
        "GEO-skeletion.middle.ring.R",
        "GEO-skeletion.middle.middle.R",
        "GEO-skeletion.foot_center.R",
        "GEO-skeletion.metatarsal.1.R",
        "GEO-skeletion.leg_femur.R",
        "GEO-skeletion.distal.thumb.R",
        "GEO-skeletion.distal.index.R",
        "GEO-skeletion.distal.little.R",
        "GEO-skeletion.distal.ring.R",
        "GEO-skeletion.distal.middle.R",
        "GEO-skeletion.metacarpal.index.R",
        "GEO-skeletion.metacarpal.little.R",
        "GEO-skeletion.metacarpal.ring.R",
        "GEO-skeletion.metacarpal.middle.R",
        "GEO-skeletion.middle.5.R",
        "GEO-skeletion.middle.4.R",
        "GEO-skeletion.middle.3.R",
        "GEO-skeletion.middle.2.R",
        "GEO-skeletion.metatarsal.2.R",
        "GEO-skeletion.metatarsal.5.R",
        "GEO-skeletion.distal.5.R",
        "GEO-skeletion.distal.4.R",
        "GEO-skeletion.distal.3.R",
        "GEO-skeletion.distal.2.R",
        "GEO-skeletion.proximal.thumb.R",
        "GEO-skeletion.proximal.index.R",
        "GEO-skeletion.proximal.little.R",
        "GEO-skeletion.proximal.ring.R",
        "GEO-skeletion.proximal.middle.R",
        "GEO-skeletion.proximal.5.R",
        "GEO-skeletion.proximal.4.R",
        "GEO-skeletion.proximal.3.R",
        "GEO-skeletion.proximal.2.R",
        "GEO-skeletion.metatarsal.4.R",
        "GEO-skeletion.metatarsal.3.R",
        "GEO-skeletion.hand_center.R",
        "GEO-skeletion.arm_humerus.R",
        "GEO-skeletion.leg_fibula.R",
        "GEO-skeletion.shoulder_scapula.R",
        "GEO-skeletion.arm_radius.R",
        "GEO-skeletion.proximal.1.R",
        "GEO-skeletion.distal.1.R",
        "GEO-skeletion.clavicle.R",
        "GEO-skeletion.leg_tibula.R",
        "GEO-skeletion.arm_ulna.R",
        "GEO-skeletion.foot_calcaneus.R",
        "GEO-skeletion.leg_patella.R"
      ]
    },
    {
      "name": "Skeleton - Realistic",
      "author": "Paul Kotelevets",
      "description": "Realistic model of a full human skeleton.",
      "license": "CC0",
      "copyright": "",
      "objects": [
        "GEO-skeletion.spine_lumbar_l5",
        "GEO-skeletion.metacarpal.thumb.L",
        "GEO-skeletion.foot_talus.L",
        "GEO-skeletion.middle.index.L",
        "GEO-skeletion.middle.little.L",
        "GEO-skeletion.middle.ring.L",
        "GEO-skeletion.middle.middle.L",
        "GEO-skeletion.foot_center.L",
        "GEO-skeletion.metatarsal.1.L",
        "GEO-skeletion.spine_thoracic_9",
        "GEO-skeletion.spine_thoracic_8",
        "GEO-skeletion.spine_thoracic_6",
        "GEO-skeletion.spine_thoracic_7",
        "GEO-skeletion.spine_thoracic_2",
        "GEO-skeletion.spine_thoracic_t3",
        "GEO-skeletion.spine_thoracic_4",
        "GEO-skeletion.spine_thoracic_5",
        "GEO-skeletion.leg_femur.L",
        "GEO-skeletion.spine_cervical_c7",
        "GEO-skeletion.spine_cervical_c3",
        "GEO-skeletion.spine_cervical_c4",
        "GEO-skeletion.spine_cervical_c5",
        "GEO-skeletion.spine_cervical_c6",
        "GEO-skeletion.spine_thoracic_t1",
        "GEO-skeletion.spine_thoracic_10",
        "GEO-skeletion.distal.thumb.L",
        "GEO-skeletion.distal.index.L",
        "GEO-skeletion.distal.little.L",
        "GEO-skeletion.distal.ring.L",
        "GEO-skeletion.distal.middle.L",
        "GEO-skeletion.metacarpal.index.L",
        "GEO-skeletion.metacarpal.little.L",
        "GEO-skeletion.metacarpal.ring.L",
        "GEO-skeletion.metacarpal.middle.L",
        "GEO-skeletion.middle.5.L",
        "GEO-skeletion.middle.4.L",
        "GEO-skeletion.middle.3.L",
        "GEO-skeletion.middle.2.L",
        "GEO-skeletion.metatarsal.2.L",
        "GEO-skeletion.metatarsal.5.L",
        "GEO-skeletion.distal.5.L",
        "GEO-skeletion.distal.4.L",
        "GEO-skeletion.distal.3.L",
        "GEO-skeletion.distal.2.L",
        "GEO-skeletion.hip",
        "GEO-skeletion.proximal.thumb.L",
        "GEO-skeletion.proximal.index.L",
        "GEO-skeletion.proximal.little.L",
        "GEO-skeletion.proximal.ring.L",
        "GEO-skeletion.proximal.middle.L",
        "GEO-skeletion.spine_lumbar_l4.5",
        "GEO-skeletion.spine_lumbar_l3.5",
        "GEO-skeletion.spine_lumbar_l2.5",
        "GEO-skeletion.spine_lumbar_l1.5",
        "GEO-skeletion.proximal.5.L",
        "GEO-skeletion.proximal.4.L",
        "GEO-skeletion.proximal.3.L",
        "GEO-skeletion.proximal.2.L",
        "GEO-skeletion.spine_lumbar_l3",
        "GEO-skeletion.spine_lumbar_l2",
        "GEO-skeletion.spine_lumbar_l1",
        "GEO-skeletion.metatarsal.4.L",
        "GEO-skeletion.metatarsal.3.L",
        "GEO-skeletion.hand_center.L",
        "GEO-skeletion.arm_humerus.L",
        "GEO-skeletion.leg_fibula.L",
        "GEO-skeletion.spine_cervical_c1",
        "GEO-skeletion.spine_cervical_c2",
        "GEO-skeletion.spine_thoracic_t12",
        "GEO-skeletion.spine_thoracic_t11",
        "GEO-skeletion.spine_lumbar_l4",
        "GEO-skeletion.ripcage",
        "GEO-skeletion.shoulder_scapula.L",
        "GEO-skeletion.skull",
        "GEO-skeletion.arm_radius.L",
        "GEO-skeletion.proximal.1.L",
        "GEO-skeletion.distal.1.L",
        "GEO-skeletion.clavicle.L",
        "GEO-skeletion.leg_tibula.L",
        "GEO-skeletion.sacral",
        "GEO-skeletion.coccygeal",
        "GEO-skeletion.arm_ulna.L",
        "GEO-skeletion.foot_calcaneus.L",
        "GEO-skeletion.leg_patella.L",
        "GEO-skeletion.metacarpal.thumb.R",
        "GEO-skeletion.foot_talus.R",
        "GEO-skeletion.middle.index.R",
        "GEO-skeletion.middle.little.R",
        "GEO-skeletion.middle.ring.R",
        "GEO-skeletion.middle.middle.R",
        "GEO-skeletion.foot_center.R",
        "GEO-skeletion.metatarsal.1.R",
        "GEO-skeletion.leg_femur.R",
        "GEO-skeletion.distal.thumb.R",
        "GEO-skeletion.distal.index.R",
        "GEO-skeletion.distal.little.R",
        "GEO-skeletion.distal.ring.R",
        "GEO-skeletion.distal.middle.R",
        "GEO-skeletion.metacarpal.index.R",
        "GEO-skeletion.metacarpal.little.R",
        "GEO-skeletion.metacarpal.ring.R",
        "GEO-skeletion.metacarpal.middle.R",
        "GEO-skeletion.middle.5.R",
        "GEO-skeletion.middle.4.R",
        "GEO-skeletion.middle.3.R",
        "GEO-skeletion.middle.2.R",
        "GEO-skeletion.metatarsal.2.R",
        "GEO-skeletion.metatarsal.5.R",
        "GEO-skeletion.distal.5.R",
        "GEO-skeletion.distal.4.R",
        "GEO-skeletion.distal.3.R",
        "GEO-skeletion.distal.2.R",
        "GEO-skeletion.proximal.thumb.R",
        "GEO-skeletion.proximal.index.R",
        "GEO-skeletion.proximal.little.R",
        "GEO-skeletion.proximal.ring.R",
        "GEO-skeletion.proximal.middle.R",
        "GEO-skeletion.proximal.5.R",
        "GEO-skeletion.proximal.4.R",
        "GEO-skeletion.proximal.3.R",
        "GEO-skeletion.proximal.2.R",
        "GEO-skeletion.metatarsal.4.R",
        "GEO-skeletion.metatarsal.3.R",
        "GEO-skeletion.hand_center.R",
        "GEO-skeletion.arm_humerus.R",
        "GEO-skeletion.leg_fibula.R",
        "GEO-skeletion.shoulder_scapula.R",
        "GEO-skeletion.arm_radius.R",
        "GEO-skeletion.proximal.1.R",
        "GEO-skeletion.distal.1.R",
        "GEO-skeletion.clavicle.R",
        "GEO-skeletion.leg_tibula.R",
        "GEO-skeletion.arm_ulna.R",
        "GEO-skeletion.foot_calcaneus.R",
        "GEO-skeletion.leg_patella.R"
      ]
    },
    {
      "name": "Stylized",
      "objects": [
        "Eye - Stylized",
        "Foot - Stylized ",
        "Hand - Stylized ",
        "Jaw - Stylized ",
        "GEO-body_male_stylized",
        "GEO-body_male_stylized.eye.L",
        "GEO-body_male_stylized.eye.R",
        "GEO-body_female_stylized",
        "GEO-body_female_stylized.eye.L",
        "GEO-body_female_stylized.eye.R",
        "GEO-head_stylized",
        "GEO-head_stylized.eye.L",
        "GEO-head_stylized.eye.R"
      ]
    }
  ],
  "texts": {
    "License": "LICENSE\n\nThe Rain Rig is released under the Creative Commons Attribution 4.0 license. \nThe attribution is \u00a9 Blender Foundation | cloud.blender.org",
    "README": "Important Info\n==============\n\nHuman Base Meshes: Asset Bundle - Version 1.4\n\nAll provided assets are public domain under the CC0 license.\nThe minimum supported Blender version is 4.2!\n\nWhat's included\n==============\n\nThese are various human base meshes that are provided by the Blender community and the Blender Studio.\nThey include:\n    - Quad topology for multi-resolution sculpting\n    - Closed volumes for voxel remeshing\n    - Face sets\n    - UV maps (including UDIMs)\n    - Multiresoluton levels for realistic assets\n    - Creased edges and Subdiv modifiers for planar/primitive assets\n\nHow to install the Asset Bundle\n===============================\n\nIt's recommended to create a new Asset Library in the preferences first:\n- Open the Preferences\n- Go to \"File Paths\"\n- Add a New Asset Library with the + button and call it \"Human Base Meshes\"\n- Set the \"Import Method\" to \"Append\"\n\nTo add the assets from this file to the Asset Library:\n- In the Asset Browser below, click on \"Copy Bundle to Asset Library\"\n- Choose a target Asset Library\n- Choose a target folder location\n\nThat's it. Enjoy!"
  }
}
Blender 5.0.1 (hash a3db93c5b259 built 2025-12-16 01:32:30)

Blender quit
